/home/ycdjun/git-repos/cs220/exams-quizzes/cs220a/exam2-sol/f.c
/home/ycdjun/git-repos/cs220/exams-quizzes/cs220a/exam2-sol/struct.c
/home/ycdjun/git-repos/cs220/exams-quizzes/cs220b/exam2-sol/f.c
/home/ycdjun/git-repos/cs220/exams-quizzes/cs220b/exam2-sol/struct.c
/home/ycdjun/git-repos/cs220/exercises/questions/src/x86/fns-asm.c
/home/ycdjun/git-repos/cs220/hws/hw3-sol/fib.c
/home/ycdjun/git-repos/cs220/hws/hw3-sol/mask.c
/home/ycdjun/git-repos/cs220/hws/hw3-sol/rec-fn.c
/home/ycdjun/git-repos/cs220/labs/lab10/files/cpuid1/main.c
/home/ycdjun/git-repos/cs220/labs/lab10/files/cpuid2/main.c
/home/ycdjun/git-repos/cs220/labs/lab10/files/parity/main.c
/home/ycdjun/git-repos/cs220/labs/lab10/files/rip/rip.c
/home/ycdjun/git-repos/cs220/labs/lab10/files/rotate/rotate.c
/home/ycdjun/git-repos/cs220/labs/lab10/files/rsp/rsp.c
/home/ycdjun/git-repos/cs220/labs/lab11/files/coverage/coverage.c
/home/ycdjun/git-repos/cs220/labs/lab11/files/int-search/binary-search.c
/home/ycdjun/git-repos/cs220/labs/lab11/files/int-search/int_compare.c
/home/ycdjun/git-repos/cs220/labs/lab11/files/int-search/linear-search.c
/home/ycdjun/git-repos/cs220/labs/lab11/files/int-search/main.c
/home/ycdjun/git-repos/cs220/labs/lab11/files/matmul-cache/main.c
/home/ycdjun/git-repos/cs220/labs/lab11/files/matmul-cache/simple-matmul.c
/home/ycdjun/git-repos/cs220/labs/lab11/files/matmul-cache/transpose-matmul.c
/home/ycdjun/git-repos/cs220/labs/lab11/files/parity/main.c
/home/ycdjun/git-repos/cs220/labs/lab11/files/parity/parity-c.c
/home/ycdjun/git-repos/cs220/labs/lab11/files/parity/parity-s.c
/home/ycdjun/git-repos/cs220/labs/lab13/files/file-char-count/file-char-count.c
/home/ycdjun/git-repos/cs220/labs/lab13/files/file-copy/file-copy.c
/home/ycdjun/git-repos/cs220/labs/lab13/files/no-buffer-copy/no-buffer-copy.c
/home/ycdjun/git-repos/cs220/labs/lab13/files/rec-io/dyn-array.c
/home/ycdjun/git-repos/cs220/labs/lab13/files/rec-io/gen-rand-points.c
/home/ycdjun/git-repos/cs220/labs/lab13/files/rec-io/stat-points.c
/home/ycdjun/git-repos/cs220/labs/lab13/files/stdin-char-count/stdin-char-count.c
/home/ycdjun/git-repos/cs220/labs/lab2/files/ex1/hello.c
/home/ycdjun/git-repos/cs220/labs/lab2/files/ex3/main.c
/home/ycdjun/git-repos/cs220/labs/lab2/files/ex3/quadr.c
/home/ycdjun/git-repos/cs220/labs/lab2/files/ex4/key-value.c
/home/ycdjun/git-repos/cs220/labs/lab2/files/ex4/main.c
/home/ycdjun/git-repos/cs220/labs/lab2/files/ex4/process-file.c
/home/ycdjun/git-repos/cs220/labs/lab3/files/ex1/hello.c
/home/ycdjun/git-repos/cs220/labs/lab3/files/ex2/hello.c
/home/ycdjun/git-repos/cs220/labs/lab4/files/ex1/uints.c
/home/ycdjun/git-repos/cs220/labs/lab4/files/ex2/ints.c
/home/ycdjun/git-repos/cs220/labs/lab4/files/ex3/identify.c
/home/ycdjun/git-repos/cs220/labs/lab4/files/ex4/negeq.c
/home/ycdjun/git-repos/cs220/labs/lab4/files/ex6/0.1.c
/home/ycdjun/git-repos/cs220/labs/lab4/files/ex7/nan.c
/home/ycdjun/git-repos/cs220/labs/lab4/files/ex8/ulp.c
/home/ycdjun/git-repos/cs220/labs/lab4/files/ex9/loop.c
/home/ycdjun/git-repos/cs220/labs/lab5/files/ex1/pointers.c
/home/ycdjun/git-repos/cs220/labs/lab5/files/ex2/in-pointers.c
/home/ycdjun/git-repos/cs220/labs/lab5/files/ex3/bad-types.c
/home/ycdjun/git-repos/cs220/labs/lab5/files/ex4/cast-types.c
/home/ycdjun/git-repos/cs220/labs/lab5/files/ex5/void-pointers.c
/home/ycdjun/git-repos/cs220/labs/lab5/files/ex6/in-voids.c
/home/ycdjun/git-repos/cs220/labs/lab6/files/brk/brk.c
/home/ycdjun/git-repos/cs220/labs/lab6/files/bug-program/bug-program.c
/home/ycdjun/git-repos/cs220/labs/lab6/files/process-memory/process-memory.c
/home/ycdjun/git-repos/cs220/labs/lab7/files/libgeom/circ.c
/home/ycdjun/git-repos/cs220/labs/lab7/files/libgeom/rect.c
/home/ycdjun/git-repos/cs220/labs/lab7/files/libgeom/testgeom.c
/home/ycdjun/git-repos/cs220/labs/lab7/files/libvec/addvec.c
/home/ycdjun/git-repos/cs220/labs/lab7/files/libvec/multvec.c
/home/ycdjun/git-repos/cs220/labs/lab7/files/libvec/testvec.c
/home/ycdjun/git-repos/cs220/labs/lab7/files/log10/log10.c
/home/ycdjun/git-repos/cs220/labs/lab7/files/multiple-defs/f.c
/home/ycdjun/git-repos/cs220/labs/lab7/files/multiple-defs/main.c
/home/ycdjun/git-repos/cs220/labs/lab7/files/multiple-symbols/def1.c
/home/ycdjun/git-repos/cs220/labs/lab7/files/multiple-symbols/def2.c
/home/ycdjun/git-repos/cs220/labs/lab7/files/multiple-symbols/main.c
/home/ycdjun/git-repos/cs220/labs/lab7/files/static-dynamic/log10.c
/home/ycdjun/git-repos/cs220/labs/lab8/files/hello-multi.c
/home/ycdjun/git-repos/cs220/labs/lab8/files/hello-one.c
/home/ycdjun/git-repos/cs220/labs/lab9/files/hello.c
/home/ycdjun/git-repos/cs220/misc/bin-num/220a/bin-num.c
/home/ycdjun/git-repos/cs220/misc/bin-num/220a/main.c
/home/ycdjun/git-repos/cs220/misc/bin-num/220b/bin-num.c
/home/ycdjun/git-repos/cs220/misc/bin-num/220b/main.c
/home/ycdjun/git-repos/cs220/misc/shapes/cs220a/shapes.c
/home/ycdjun/git-repos/cs220/misc/shapes/cs220b/shapes.c
/home/ycdjun/git-repos/cs220/projects/prj1/prj1-sol/bits-to-ints.c
/home/ycdjun/git-repos/cs220/projects/prj1/prj1-sol/errors.c
/home/ycdjun/git-repos/cs220/projects/prj1/prj1-sol/main.c
/home/ycdjun/git-repos/cs220/projects/prj1-sol/bits-to-ints.c
/home/ycdjun/git-repos/cs220/projects/prj1-sol/errors.c
/home/ycdjun/git-repos/cs220/projects/prj1-sol/main.c
/home/ycdjun/git-repos/cs220/projects/prj2/prj2-sol/big-bits.c
/home/ycdjun/git-repos/cs220/projects/prj2/prj2-sol/errors.c
/home/ycdjun/git-repos/cs220/projects/prj2/prj2-sol/hex-util.c
/home/ycdjun/git-repos/cs220/projects/prj2/prj2-sol/main.c
/home/ycdjun/git-repos/cs220/projects/prj2/prj2-sol/stack.c
/home/ycdjun/git-repos/cs220/projects/prj2-sol/alt-big-bits.c
/home/ycdjun/git-repos/cs220/projects/prj2-sol/big-bits.c
/home/ycdjun/git-repos/cs220/projects/prj2-sol/errors.c
/home/ycdjun/git-repos/cs220/projects/prj2-sol/hex-util.c
/home/ycdjun/git-repos/cs220/projects/prj2-sol/main.c
/home/ycdjun/git-repos/cs220/projects/prj2-sol/stack.c
/home/ycdjun/git-repos/cs220/projects/prj4-sol/fn-trace.c
/home/ycdjun/git-repos/cs220/projects/prj4-sol/main.c
/home/ycdjun/git-repos/cs220/projects/prj4-sol/x86-64_lde.c
/home/ycdjun/git-repos/cs220/projects/prj5/prj5-sol/cache-sim.c
/home/ycdjun/git-repos/cs220/projects/prj5/prj5-sol/main.c
/home/ycdjun/git-repos/cs220/slides/adts/code/stack.c
/home/ycdjun/git-repos/cs220/slides/advanced-c/code/enum-strings.c
/home/ycdjun/git-repos/cs220/slides/advanced-c/code/float-decode.c
/home/ycdjun/git-repos/cs220/slides/advanced-c/code/oo-shapes/circle.c
/home/ycdjun/git-repos/cs220/slides/advanced-c/code/oo-shapes/main.c
/home/ycdjun/git-repos/cs220/slides/advanced-c/code/oo-shapes/rect.c
/home/ycdjun/git-repos/cs220/slides/advanced-c/code/oo-shapes/shape.c
/home/ycdjun/git-repos/cs220/slides/advanced-c/code/stack/main.c
/home/ycdjun/git-repos/cs220/slides/advanced-c/code/stack/stack.c
/home/ycdjun/git-repos/cs220/slides/c-intro/code/bases.c
/home/ycdjun/git-repos/cs220/slides/c-intro/code/count-1s-1.c
/home/ycdjun/git-repos/cs220/slides/c-intro/code/count-1s-2.c
/home/ycdjun/git-repos/cs220/slides/c-intro/code/endian.c
/home/ycdjun/git-repos/cs220/slides/c-intro/code/integer-sizes.c
/home/ycdjun/git-repos/cs220/slides/c-intro/code/kilo-powers.c
/home/ycdjun/git-repos/cs220/slides/c-intro/code/out-bits.c
/home/ycdjun/git-repos/cs220/slides/c-intro/code/ptr-sum.c
/home/ycdjun/git-repos/cs220/slides/c-intro/code/robust-sum.c
/home/ycdjun/git-repos/cs220/slides/c-intro/code/sum-args.c
/home/ycdjun/git-repos/cs220/slides/c-intro/code/sum.c
/home/ycdjun/git-repos/cs220/slides/c-intro/code/wc.c
/home/ycdjun/git-repos/cs220/slides/intro/code/hello.c
/home/ycdjun/git-repos/cs220/slides/mem-hier/code/sum-array-by-cols.c
/home/ycdjun/git-repos/cs220/slides/mem-hier/code/sum-array-by-rows.c
/home/ycdjun/git-repos/cs220/slides/security/code/addresses.c
/home/ycdjun/git-repos/cs220/slides/security/code/overflow.c
/home/ycdjun/git-repos/cs220/slides/security/code/stack-play.c
/home/ycdjun/git-repos/cs220/slides/x86/code/abs-diff.c
/home/ycdjun/git-repos/cs220/slides/x86/code/acc-fact.c
/home/ycdjun/git-repos/cs220/slides/x86/code/arith.c
/home/ycdjun/git-repos/cs220/slides/x86/code/array-access.c
/home/ycdjun/git-repos/cs220/slides/x86/code/cmp-sets.c
/home/ycdjun/git-repos/cs220/slides/x86/code/conditional-move.c
/home/ycdjun/git-repos/cs220/slides/x86/code/div-mod.c
/home/ycdjun/git-repos/cs220/slides/x86/code/dynamic-array.c
/home/ycdjun/git-repos/cs220/slides/x86/code/fact-do-while.c
/home/ycdjun/git-repos/cs220/slides/x86/code/fact-while.c
/home/ycdjun/git-repos/cs220/slides/x86/code/find.c
/home/ycdjun/git-repos/cs220/slides/x86/code/indirect-goto.c
/home/ycdjun/git-repos/cs220/slides/x86/code/move.c
/home/ycdjun/git-repos/cs220/slides/x86/code/mstore/main.c
/home/ycdjun/git-repos/cs220/slides/x86/code/mstore/mstore.c
/home/ycdjun/git-repos/cs220/slides/x86/code/point3.c
/home/ycdjun/git-repos/cs220/slides/x86/code/read-point.c
/home/ycdjun/git-repos/cs220/slides/x86/code/rec-fact.c
/home/ycdjun/git-repos/cs220/slides/x86/code/scale.c
/home/ycdjun/git-repos/cs220/slides/x86/code/stack-frame.c
/home/ycdjun/git-repos/cs220/slides/x86/code/structs.c
/home/ycdjun/git-repos/cs220/slides/x86/code/sum-dist-origin-s.c
/home/ycdjun/git-repos/cs220/slides/x86/code/sum-dist-origin.c
/home/ycdjun/git-repos/cs220/slides/x86/code/sum.c
/home/ycdjun/git-repos/cs220/slides/x86/code/switch.c
/home/ycdjun/git-repos/cs220/slides/x86/code/vframe.c
/home/ycdjun/git-repos/cs220/src/libcs220/errors.c
/home/ycdjun/git-repos/cs220/src/libcs220/memalloc.c
/home/ycdjun/git-repos/i220a/grading/prj1-sol/bits-to-ints.c
/home/ycdjun/git-repos/i220a/grading/prj1-sol/errors.c
/home/ycdjun/git-repos/i220a/grading/prj1-sol/main.c
/home/ycdjun/git-repos/i220a/grading/prj2-sol/big-bits.c
/home/ycdjun/git-repos/i220a/grading/prj2-sol/errors.c
/home/ycdjun/git-repos/i220a/grading/prj2-sol/hex-util.c
/home/ycdjun/git-repos/i220a/grading/prj2-sol/main.c
/home/ycdjun/git-repos/i220a/grading/prj2-sol/stack.c
/home/ycdjun/git-repos/i220a/submit/lab10/files/cpuid1/main.c
/home/ycdjun/git-repos/i220a/submit/lab10/files/cpuid2/main.c
/home/ycdjun/git-repos/i220a/submit/lab10/files/parity/main.c
/home/ycdjun/git-repos/i220a/submit/lab10/files/rip/rip.c
/home/ycdjun/git-repos/i220a/submit/lab10/files/rotate/rotate.c
/home/ycdjun/git-repos/i220a/submit/lab10/files/rsp/rsp.c
/home/ycdjun/git-repos/i220a/submit/lab11/files/coverage/coverage.c
/home/ycdjun/git-repos/i220a/submit/lab11/files/int-search/binary-search.c
/home/ycdjun/git-repos/i220a/submit/lab11/files/int-search/int_compare.c
/home/ycdjun/git-repos/i220a/submit/lab11/files/int-search/linear-search.c
/home/ycdjun/git-repos/i220a/submit/lab11/files/int-search/main.c
/home/ycdjun/git-repos/i220a/submit/lab11/files/matmul-cache/main.c
/home/ycdjun/git-repos/i220a/submit/lab11/files/matmul-cache/simple-matmul.c
/home/ycdjun/git-repos/i220a/submit/lab11/files/matmul-cache/transpose-matmul.c
/home/ycdjun/git-repos/i220a/submit/lab11/files/parity/main.c
/home/ycdjun/git-repos/i220a/submit/lab11/files/parity/parity-c.c
/home/ycdjun/git-repos/i220a/submit/lab11/files/parity/parity-s.c
/home/ycdjun/git-repos/i220a/submit/lab13/files/file-char-count/file-char-count.c
/home/ycdjun/git-repos/i220a/submit/lab13/files/file-copy/file-copy.c
/home/ycdjun/git-repos/i220a/submit/lab13/files/no-buffer-copy/no-buffer-copy.c
/home/ycdjun/git-repos/i220a/submit/lab13/files/rec-io/dyn-array.c
/home/ycdjun/git-repos/i220a/submit/lab13/files/rec-io/gen-rand-points.c
/home/ycdjun/git-repos/i220a/submit/lab13/files/rec-io/stat-points.c
/home/ycdjun/git-repos/i220a/submit/lab13/files/stdin-char-count/stdin-char-count.c
/home/ycdjun/git-repos/i220a/submit/lab2/ex1/hello.c
/home/ycdjun/git-repos/i220a/submit/lab2/ex3/main.c
/home/ycdjun/git-repos/i220a/submit/lab2/ex3/quadr.c
/home/ycdjun/git-repos/i220a/submit/lab2/ex3/temp/main.c
/home/ycdjun/git-repos/i220a/submit/lab2/ex3/temp/quadr.c
/home/ycdjun/git-repos/i220a/submit/lab2/ex4/key-value.c
/home/ycdjun/git-repos/i220a/submit/lab2/ex4/main.c
/home/ycdjun/git-repos/i220a/submit/lab2/ex4/process-file.c
/home/ycdjun/git-repos/i220a/submit/lab2/ex4/temp/key-value.c
/home/ycdjun/git-repos/i220a/submit/lab2/ex4/temp/main.c
/home/ycdjun/git-repos/i220a/submit/lab2/ex4/temp/process-file.c
/home/ycdjun/git-repos/i220a/submit/lab3/files/ex1/hello.c
/home/ycdjun/git-repos/i220a/submit/lab3/files/ex2/.#hello.c
/home/ycdjun/git-repos/i220a/submit/lab3/files/ex2/hello.c
/home/ycdjun/git-repos/i220a/submit/lab4/files/ex1/uints.c
/home/ycdjun/git-repos/i220a/submit/lab4/files/ex2/ints.c
/home/ycdjun/git-repos/i220a/submit/lab4/files/ex3/identify.c
/home/ycdjun/git-repos/i220a/submit/lab4/files/ex4/negeq.c
/home/ycdjun/git-repos/i220a/submit/lab4/files/ex6/0.1.c
/home/ycdjun/git-repos/i220a/submit/lab4/files/ex7/nan.c
/home/ycdjun/git-repos/i220a/submit/lab4/files/ex8/ulp.c
/home/ycdjun/git-repos/i220a/submit/lab4/files/ex9/loop.c
/home/ycdjun/git-repos/i220a/submit/lab5/files/ex1/pointers.c
/home/ycdjun/git-repos/i220a/submit/lab5/files/ex2/in-pointers.c
/home/ycdjun/git-repos/i220a/submit/lab5/files/ex3/bad-types.c
/home/ycdjun/git-repos/i220a/submit/lab5/files/ex4/cast-types.c
/home/ycdjun/git-repos/i220a/submit/lab5/files/ex5/void-pointers.c
/home/ycdjun/git-repos/i220a/submit/lab5/files/ex6/in-voids.c
/home/ycdjun/git-repos/i220a/submit/lab6/files/brk/brk.c
/home/ycdjun/git-repos/i220a/submit/lab6/files/bug-program/bug-program.c
/home/ycdjun/git-repos/i220a/submit/lab6/files/process-memory/process-memory.c
/home/ycdjun/git-repos/i220a/submit/lab7/files/libgeom/circ.c
/home/ycdjun/git-repos/i220a/submit/lab7/files/libgeom/rect.c
/home/ycdjun/git-repos/i220a/submit/lab7/files/libgeom/testgeom.c
/home/ycdjun/git-repos/i220a/submit/lab7/files/libvec/addvec.c
/home/ycdjun/git-repos/i220a/submit/lab7/files/libvec/multvec.c
/home/ycdjun/git-repos/i220a/submit/lab7/files/libvec/testvec.c
/home/ycdjun/git-repos/i220a/submit/lab7/files/log10/log10.c
/home/ycdjun/git-repos/i220a/submit/lab7/files/multiple-defs/f.c
/home/ycdjun/git-repos/i220a/submit/lab7/files/multiple-defs/main.c
/home/ycdjun/git-repos/i220a/submit/lab7/files/multiple-symbols/def1.c
/home/ycdjun/git-repos/i220a/submit/lab7/files/multiple-symbols/def2.c
/home/ycdjun/git-repos/i220a/submit/lab7/files/multiple-symbols/main.c
/home/ycdjun/git-repos/i220a/submit/lab7/files/static-dynamic/log10.c
/home/ycdjun/git-repos/i220a/submit/lab8/hello.c
/home/ycdjun/git-repos/i220a/submit/lab9/files/hello.c
/home/ycdjun/git-repos/i220a/submit/prj1-sol/bits-to-ints.c
/home/ycdjun/git-repos/i220a/submit/prj1-sol/errors.c
/home/ycdjun/git-repos/i220a/submit/prj1-sol/main.c
/home/ycdjun/git-repos/i220a/submit/prj2-sol/big-bits.c
/home/ycdjun/git-repos/i220a/submit/prj2-sol/errors.c
/home/ycdjun/git-repos/i220a/submit/prj2-sol/hex-util.c
/home/ycdjun/git-repos/i220a/submit/prj2-sol/main.c
/home/ycdjun/git-repos/i220a/submit/prj2-sol/stack.c
/home/ycdjun/git-repos/i220a/submit/prj4-sol/aux-files/fns.c
/home/ycdjun/git-repos/i220a/submit/prj4-sol/fn-trace.c
/home/ycdjun/git-repos/i220a/submit/prj4-sol/fns.c
/home/ycdjun/git-repos/i220a/submit/prj4-sol/main.c
/home/ycdjun/git-repos/i220a/submit/prj4-sol/x86-64_lde.c
/home/ycdjun/git-repos/i220a/work/bomb49/bomb.c
/home/ycdjun/i240b/submit/lab6/dir/t2.c
/home/ycdjun/i240b/submit/lab6/t1.c
/home/ycdjun/i240b/submit/lab6/v.c
/home/ycdjun/i240b/submit/lab6/x.c
/home/ycdjun/tmp/lab8/work/lab8/hello.c
/mnt/c/$Recycle.Bin/S-1-5-21-2372257617-1077287822-516151696-1001/$I8LPWP4.c
/mnt/c/$Recycle.Bin/S-1-5-21-2372257617-1077287822-516151696-1001/$IEFFWKA.c
/mnt/c/$Recycle.Bin/S-1-5-21-2372257617-1077287822-516151696-1001/$R8LPWP4.c
/mnt/c/$Recycle.Bin/S-1-5-21-2372257617-1077287822-516151696-1001/$REFFWKA.c
/mnt/c/Program Files (x86)/Geany/data/filedefs/filetypes.c
/mnt/c/Program Files (x86)/Geany/data/templates/files/main.c
/mnt/c/Users/Yongchan/AppData/Local/Programs/Python/Python37-32/Lib/site-packages/numpy/distutils/mingw/gfortran_vs2003_hack.c
/mnt/c/Users/Yongchan/AppData/Local/Programs/Python/Python37-32/Lib/site-packages/numpy/f2py/src/fortranobject.c
/mnt/c/Users/Yongchan/AppData/Local/Programs/Python/Python37-32/Lib/site-packages/numpy/f2py/tests/src/array_from_pyobj/wrapmodule.c
/mnt/c/Users/Yongchan/AppData/Local/Programs/Python/Python37-32/tcl/nmake/nmakehlp.c
/mnt/c/Users/Yongchan/Desktop/ghidra_9.1-BETA_DEV/docs/GhidraClass/Advanced/Examples/createStructure.c
/mnt/c/Users/Yongchan/Desktop/ghidra_9.1-BETA_DEV/docs/GhidraClass/Advanced/Examples/custom.c
/mnt/c/Users/Yongchan/Desktop/ghidra_9.1-BETA_DEV/docs/GhidraClass/Advanced/Examples/dataMutability.c
/mnt/c/Users/Yongchan/Desktop/ghidra_9.1-BETA_DEV/docs/GhidraClass/Advanced/Examples/globalRegVars.c
/mnt/c/Users/Yongchan/Desktop/ghidra_9.1-BETA_DEV/docs/GhidraClass/Advanced/Examples/jumpWithinInstruction.c
/mnt/c/Users/Yongchan/Desktop/ghidra_9.1-BETA_DEV/docs/GhidraClass/Advanced/Examples/ldiv.c
/mnt/c/Users/Yongchan/Desktop/ghidra_9.1-BETA_DEV/docs/GhidraClass/Advanced/Examples/noReturn.c
/mnt/c/Users/Yongchan/Desktop/ghidra_9.1-BETA_DEV/docs/GhidraClass/Advanced/Examples/opaque.c
/mnt/c/Users/Yongchan/Desktop/ghidra_9.1-BETA_DEV/docs/GhidraClass/Advanced/Examples/override.c
/mnt/c/Users/Yongchan/Desktop/ghidra_9.1-BETA_DEV/docs/GhidraClass/Advanced/Examples/setRegister.c
/mnt/c/Users/Yongchan/Desktop/ghidra_9.1-BETA_DEV/docs/GhidraClass/Advanced/Examples/sharedReturn.c
/mnt/c/Users/Yongchan/Desktop/ghidra_9.1-BETA_DEV/docs/GhidraClass/Advanced/Examples/write.c
/mnt/c/Users/Yongchan/Desktop/ghidra_9.1-BETA_DEV/docs/GhidraClass/AdvancedDevelopment/ghidra-format/body.c
/mnt/c/Users/Yongchan/Desktop/ghidra_9.1-BETA_DEV/docs/GhidraClass/AdvancedDevelopment/ghidra-format/main.c
/mnt/c/Users/Yongchan/Desktop/ghidra_9.1-BETA_DEV/docs/GhidraClass/ExerciseFiles/Emulation/Source/deobExample.c
/mnt/c/Users/Yongchan/Desktop/ghidra_9.1-BETA_DEV/docs/GhidraClass/ExerciseFiles/Emulation/Source/deobHookExample.c
/mnt/c/Users/Yongchan/Desktop/ghidra_9.1-BETA_DEV/GPL/DemanglerGnu/src/demangler_gnu/c/alloca.c
/mnt/c/Users/Yongchan/Desktop/ghidra_9.1-BETA_DEV/GPL/DemanglerGnu/src/demangler_gnu/c/argv.c
/mnt/c/Users/Yongchan/Desktop/ghidra_9.1-BETA_DEV/GPL/DemanglerGnu/src/demangler_gnu/c/cp-demangle.c
/mnt/c/Users/Yongchan/Desktop/ghidra_9.1-BETA_DEV/GPL/DemanglerGnu/src/demangler_gnu/c/cplus-dem.c
/mnt/c/Users/Yongchan/Desktop/ghidra_9.1-BETA_DEV/GPL/DemanglerGnu/src/demangler_gnu/c/dyn-string.c
/mnt/c/Users/Yongchan/Desktop/ghidra_9.1-BETA_DEV/GPL/DemanglerGnu/src/demangler_gnu/c/getopt.c
/mnt/c/Users/Yongchan/Desktop/ghidra_9.1-BETA_DEV/GPL/DemanglerGnu/src/demangler_gnu/c/getopt1.c
/mnt/c/Users/Yongchan/Desktop/ghidra_9.1-BETA_DEV/GPL/DemanglerGnu/src/demangler_gnu/c/safe-ctype.c
/mnt/c/Users/Yongchan/Desktop/ghidra_9.1-BETA_DEV/GPL/DemanglerGnu/src/demangler_gnu/c/xexit.c
/mnt/c/Users/Yongchan/Desktop/ghidra_9.1-BETA_DEV/GPL/DemanglerGnu/src/demangler_gnu/c/xstrdup.c
/mnt/c/Users/Yongchan/Desktop/i220a/grading/prj1-sol/bits-to-ints.c
/mnt/c/Users/Yongchan/Desktop/i220a/grading/prj1-sol/errors.c
/mnt/c/Users/Yongchan/Desktop/i220a/grading/prj1-sol/main.c
/mnt/c/Users/Yongchan/Desktop/i220a/submit/lab2/ex1/hello.c
/mnt/c/Users/Yongchan/Desktop/i220a/submit/lab2/ex3/main.c
/mnt/c/Users/Yongchan/Desktop/i220a/submit/lab2/ex3/quadr.c
/mnt/c/Users/Yongchan/Desktop/i220a/submit/lab2/ex3/temp/main.c
/mnt/c/Users/Yongchan/Desktop/i220a/submit/lab2/ex3/temp/quadr.c
/mnt/c/Users/Yongchan/Desktop/i220a/submit/lab2/ex4/key-value.c
/mnt/c/Users/Yongchan/Desktop/i220a/submit/lab2/ex4/main.c
/mnt/c/Users/Yongchan/Desktop/i220a/submit/lab2/ex4/process-file.c
/mnt/c/Users/Yongchan/Desktop/i220a/submit/lab2/ex4/temp/key-value.c
/mnt/c/Users/Yongchan/Desktop/i220a/submit/lab2/ex4/temp/main.c
/mnt/c/Users/Yongchan/Desktop/i220a/submit/lab2/ex4/temp/process-file.c
/mnt/c/Users/Yongchan/Desktop/i220a/submit/lab3/files/ex1/hello.c
/mnt/c/Users/Yongchan/Desktop/i220a/submit/lab3/files/ex2/.#hello.c
/mnt/c/Users/Yongchan/Desktop/i220a/submit/lab3/files/ex2/hello.c
/mnt/c/Users/Yongchan/Desktop/i220a/submit/lab4/files/ex1/uints.c
/mnt/c/Users/Yongchan/Desktop/i220a/submit/lab4/files/ex2/ints.c
/mnt/c/Users/Yongchan/Desktop/i220a/submit/lab4/files/ex3/identify.c
/mnt/c/Users/Yongchan/Desktop/i220a/submit/lab4/files/ex4/negeq.c
/mnt/c/Users/Yongchan/Desktop/i220a/submit/lab4/files/ex6/0.1.c
/mnt/c/Users/Yongchan/Desktop/i220a/submit/lab4/files/ex7/nan.c
/mnt/c/Users/Yongchan/Desktop/i220a/submit/lab4/files/ex8/ulp.c
/mnt/c/Users/Yongchan/Desktop/i220a/submit/lab4/files/ex9/loop.c
/mnt/c/Users/Yongchan/Desktop/i220a/submit/lab5/files/ex1/pointers.c
/mnt/c/Users/Yongchan/Desktop/i220a/submit/lab5/files/ex2/in-pointers.c
/mnt/c/Users/Yongchan/Desktop/i220a/submit/lab5/files/ex3/bad-types.c
/mnt/c/Users/Yongchan/Desktop/i220a/submit/lab5/files/ex4/cast-types.c
/mnt/c/Users/Yongchan/Desktop/i220a/submit/lab5/files/ex5/void-pointers.c
/mnt/c/Users/Yongchan/Desktop/i220a/submit/lab5/files/ex6/in-voids.c
/mnt/c/Users/Yongchan/Desktop/i220a/submit/lab6/files/brk/brk.c
/mnt/c/Users/Yongchan/Desktop/i220a/submit/lab6/files/bug-program/bug-program.c
/mnt/c/Users/Yongchan/Desktop/i220a/submit/lab6/files/process-memory/process-memory.c
/mnt/c/Users/Yongchan/Desktop/i220a/submit/lab7/files/libgeom/circ.c
/mnt/c/Users/Yongchan/Desktop/i220a/submit/lab7/files/libgeom/rect.c
/mnt/c/Users/Yongchan/Desktop/i220a/submit/lab7/files/libgeom/testgeom.c
/mnt/c/Users/Yongchan/Desktop/i220a/submit/lab7/files/libvec/addvec.c
/mnt/c/Users/Yongchan/Desktop/i220a/submit/lab7/files/libvec/multvec.c
/mnt/c/Users/Yongchan/Desktop/i220a/submit/lab7/files/libvec/testvec.c
/mnt/c/Users/Yongchan/Desktop/i220a/submit/lab7/files/log10/log10.c
/mnt/c/Users/Yongchan/Desktop/i220a/submit/lab7/files/multiple-defs/f.c
/mnt/c/Users/Yongchan/Desktop/i220a/submit/lab7/files/multiple-defs/main.c
/mnt/c/Users/Yongchan/Desktop/i220a/submit/lab7/files/multiple-symbols/def1.c
/mnt/c/Users/Yongchan/Desktop/i220a/submit/lab7/files/multiple-symbols/def2.c
/mnt/c/Users/Yongchan/Desktop/i220a/submit/lab7/files/multiple-symbols/main.c
/mnt/c/Users/Yongchan/Desktop/i220a/submit/lab7/files/static-dynamic/log10.c
/mnt/c/Users/Yongchan/Desktop/i220a/submit/lab8/hello.c
/mnt/c/Users/Yongchan/Desktop/i220a/submit/prj1-sol/bits-to-ints.c
/mnt/c/Users/Yongchan/Desktop/i220a/submit/prj1-sol/errors.c
/mnt/c/Users/Yongchan/Desktop/i220a/submit/prj1-sol/main.c
/mnt/c/Users/Yongchan/Desktop/i220a/submit/prj2-sol/big-bits.c
/mnt/c/Users/Yongchan/Desktop/i220a/submit/prj2-sol/errors.c
/mnt/c/Users/Yongchan/Desktop/i220a/submit/prj2-sol/hex-util.c
/mnt/c/Users/Yongchan/Desktop/i220a/submit/prj2-sol/main.c
/mnt/c/Users/Yongchan/Desktop/i220a/submit/prj2-sol/stack.c
/mnt/c/Users/Yongchan/Downloads/School/hello.c
/mnt/c/Users/Yongchan/lab1/dir/t2.c
/mnt/c/Users/Yongchan/lab1/t1.c
/mnt/c/Users/Yongchan/lab1/v.c
/mnt/c/Users/Yongchan/lab1/x.c
