Script started on 2020-02-13 16:19:47-05:00 [TERM="xterm-256color" TTY="/dev/pts/0" COLUMNS="80" LINES="24"]
bash: /home/umrigar/cs240/bin/student.rc: Permission denied
yjun1@g7-35:/import/linux/home1/yjun1/i240b/submit/lab3$ cd exercises/1-greet/
yjun1@g7-35:/import/linux/home1/yjun1/i240b/submit/lab3/exercises/1-greet$ ls -l [A[C[C[C[C[C[C[C[C[C[C[C[C[C[C[C[C[C[C[C[C[C[C[C[C[C[C[C[C[C[C[C[C[C[C[C[C[C[C[C[C[C[C[C[C[C[C[C[C[C[C[C[C[C[C[C[C[C[C[C[C[C[C[C[C[C[C[C[C[C[C[C[C[C[C[C[C[C[C[C[Kl
total 8
-rw-r--r-- 1 yjun1 yjun1 717 Feb 13 16:18 greet.cc
-rw-r--r-- 1 yjun1 yjun1  54 Feb 13 16:18 README
yjun1@g7-35:/import/linux/home1/yjun1/i240b/submit/lab3/exercises/1-greet$ cd .. [A[C[C[C[C[C[C[C[C[C[C[C[C[C[C[C[C[C[C[C[C[C[C[C[C[C[C[C[C[C[C[C[C[C[C[C[C[C[C[C[C[C[C[C[C[C[C[C[C[C[C[C[C[C[C[C[C[C[C[C[C[C[C[C[C[C[C[C[C[C[C[C[C[C[C[C[C[C[C[C[K.
yjun1@g7-35:/import/linux/home1/yjun1/i240b/submit/lab3/exercises$ cd ..
yjun1@g7-35:/import/linux/home1/yjun1/i240b/submit/lab3$ git branch
[?1h=  lab0[m[m
  lab1[m[m
  lab2[m[m
* [32mlab3[m[m
  master[m[m
[K[?1l>yjun1@g7-35:/import/linux/home1/yjun1/i240b/submit/lab3$ cd s[K[K[Kc[K[Kd [K[Kcd exercises/1-greet/
yjun1@g7-35:/import/linux/home1/yjun1/i240b/submit/lab3/exercises/1-greet$ e[Kgedit  r[K4r[K[Kr[KREADME *
yjun1@g7-35:/import/linux/home1/yjun1/i240b/submit/lab3/exercises/1-greet$ 
yjun1@g7-35:/import/linux/home1/yjun1/i240b/submit/lab3/exercises/1-greet$ make  -f ../Makefile 
g++ -g -Wall -std=c++17    greet.cc   -o greet
cat </dev/null >.gitignore
for t in greet; do echo $t >>.gitignore; done
yjun1@g7-35:/import/linux/home1/yjun1/i240b/submit/lab3/exercises/1-greet$ ./greet 
usage: ./greet NAME...
yjun1@g7-35:/import/linux/home1/yjun1/i240b/submit/lab3/exercises/1-greet$ ./greet bart lisa
yjun1@g7-35:/import/linux/home1/yjun1/i240b/submit/lab3/exercises/1-greet$ cd .. [A[C[C[C[C[C[C[C[C[C[C[C[C[C[C[C[C[C[C[C[C[C[C[C[C[C[C[C[C[C[C[C[C[C[C[C[C[C[C[C[C[C[C[C[C[C[C[C[C[C[C[C[C[C[C[C[C[C[C[C[C[C[C[C[C[C[C[C[C[C[C[C[C[C[C[C[C[C[C[C[K.
yjun1@g7-35:/import/linux/home1/yjun1/i240b/submit/lab3/exercises$ cd 32[K2[K[K2-greet/
yjun1@g7-35:/import/linux/home1/yjun1/i240b/submit/lab3/exercises/2-greet$ make
make: *** No targets specified and no makefile found.  Stop.
yjun1@g7-35:/import/linux/home1/yjun1/i240b/submit/lab3/exercises/2-greet$ ls
greet.cc  README
yjun1@g7-35:/import/linux/home1/yjun1/i240b/submit/lab3/exercises/2-greet$ make  [A[C[C[C[C[C[C[C[C[C[C[C[C[C[C[C[C[C[C[C[C[C[C[C[C[C[C[C[C[C[C[C[C[C[C[C[C[C[C[C[C[C[C[C[C[C[C[C[C[C[C[C[C[C[C[C[C[C[C[C[C[C[C[C[C[C[C[C[C[C[C[C[C[C[C[C[C[C[C[C[K 
make: *** No targets specified and no makefile found.  Stop.
yjun1@g7-35:/import/linux/home1/yjun1/i240b/submit/lab3/exercises/2-greet$ cd .. [A[C[C[C[C[C[C[C[C[C[C[C[C[C[C[C[C[C[C[C[C[C[C[C[C[C[C[C[C[C[C[C[C[C[C[C[C[C[C[C[C[C[C[C[C[C[C[C[C[C[C[C[C[C[C[C[C[C[C[C[C[C[C[C[C[C[C[C[C[C[C[C[C[C[C[C[C[C[C[C[K.
yjun1@g7-35:/import/linux/home1/yjun1/i240b/submit/lab3/exercises$ cd `[K1-greet/
yjun1@g7-35:/import/linux/home1/yjun1/i240b/submit/lab3/exercises/1-greet$ e[Kgedit  greet.cc &
[1] 1205550
yjun1@g7-35:/import/linux/home1/yjun1/i240b/submit/lab3/exercises/1-greet$ cd .. [A[C[C[C[C[C[C[C[C[C[C[C[C[C[C[C[C[C[C[C[C[C[C[C[C[C[C[C[C[C[C[C[C[C[C[C[C[C[C[C[C[C[C[C[C[C[C[C[C[C[C[C[C[C[C[C[C[C[C[C[C[C[C[C[C[C[C[C[C[C[C[C[C[C[C[C[C[C[C[C[K.
[1]+  Done                    gedit greet.cc  (wd: /import/linux/home1/yjun1/i240b/submit/lab3/exercises/1-greet)
(wd now: /import/linux/home1/yjun1/i240b/submit/lab3/exercises)
yjun1@g7-35:/import/linux/home1/yjun1/i240b/submit/lab3/exercises$ cd 2-greet/
yjun1@g7-35:/import/linux/home1/yjun1/i240b/submit/lab3/exercises/2-greet$ cd 2-greet/[A[C[C[C[C[C[C[C[C[C[C[C[C[C[C[C[C[C[C[C[C[C[C[C[C[C[C[C[C[C[C[C[C[C[C[C[C[C[C[C[C[C[C[C[C[C[C[C[C[C[C[C[C[C[C[C[C[C[C[C[C[C[C[C[C[C[C[C[C[C[C[C[C.. [K[A[C[C[C[C[C[C[C[C[C[C[C[C[C[C[C[C[C[C[C[C[C[C[C[C[C[C[C[C[C[C[C[C[C[C[C[C[C[C[C[C[C[C[C[C[C[C[C[C[C[C[C[C[C[C[C[C[C[C[C[C[C[C[C[C[C[C[C[C[C[C[C[C[C[C[Cgedit greet.cc &[A[C[C[C[C[C[C[C[C[C[C[C[C[C[C[C[C[C[C[C[C[C[C[C[C[C[C[C[C[C[C[C[C[C[C[C[C[C[C[C[C[C[C[C[C[C[C[C[C[C[C[C[C[C[C[C[C[C[C[C[C[C[C[C[Ccd 1-g[5Preet/[A[C[C[C[C[C[C[C[C[C[C[C[C[C[C[C[C[C[C[C[C[C[C[C[C[C[C[C[C[C[C[C[C[C[C[C[C[C[C[C[C[C[C[C[C[C[C[C[C[C[C[C[C[C[C[C[C[C[C[C[C[C[C[C[C[C[C[C[C[C[C[C[C.. [K[A[C[C[C[C[C[C[C[C[C[C[C[C[C[C[C[C[C[C[C[C[C[C[C[C[C[C[C[C[C[C[C[C[C[C[C[C[C[C[C[C[C[C[C[C[C[C[C[C[C[C[C[C[C[C[C[C[C[C[C[C[C[C[C[C[C[C[C[C[C[C[C[C[C[C[Cmake  [A[C[C[C[C[C[C[C[C[C[C[C[C[C[C[C[C[C[C[C[C[C[C[C[C[C[C[C[C[C[C[C[C[C[C[C[C[C[C[C[C[C[C[C[C[C[C[C[C[C[C[C[C[C[C[C[C[C[C[C[C[C[C[C[C[C[C[C[C[C[C[C[C[C[C[C[3Pls
[K[A[C[C[C[C[C[C[C[C[C[C[C[C[C[C[C[C[C[C[C[C[C[C[C[C[C[C[C[C[C[C[C[C[C[C[C[C[C[C[C[C[C[C[C[C[C[C[C[C[C[C[C[C[C[C[C[C[C[C[C[C[C[C[C[C[C[C[C[C[C[C[C[C[C[C[C[C[Cmakecd 2-greet/[A[C[C[C[C[C[C[C[C[C[C[C[C[C[C[C[C[C[C[C[C[C[C[C[C[C[C[C[C[C[C[C[C[C[C[C[C[C[C[C[C[C[C[C[C[C[C[C[C[C[C[C[C[C[C[C[C[C[C[C[C[C[C[C[C[C[C[C[C[C[C[C[C.. [K[A[C[C[C[C[C[C[C[C[C[C[C[C[C[C[C[C[C[C[C[C[C[C[C[C[C[C[C[C[C[C[C[C[C[C[C[C[C[C[C[C[C[C[C[C[C[C[C[C[C[C[C[C[C[C[C[C[C[C[C[C[C[C[C[C[C[C[C[C[C[C[C[C[C[C[C./greet bart lisa[C[C[C[K[A[C[C[C[C[C[C[C[C[C[C[C[C[C[C[C[C[C[C[C[C[C[C[C[C[C[C[C[C[C[C[C[C[C[C[C[C[C[C[C[C[C[C[C[C[C[C[C[C[C[C[C[C[C[C[C[C[C[C[C[C[C[C[C[C[C[C[C[C[C[C[C[Cmake -[12@f ../Makefile[C
g++ -g -Wall -std=c++17    greet.cc   -o greet
cat </dev/null >.gitignore
for t in greet; do echo $t >>.gitignore; done
yjun1@g7-35:/import/linux/home1/yjun1/i240b/submit/lab3/exercises/2-greet$ ./greet 
usage: ./greet NAME...
yjun1@g7-35:/import/linux/home1/yjun1/i240b/submit/lab3/exercises/2-greet$ ./greet bart lisa
hello bart
hello lisa
yjun1@g7-35:/import/linux/home1/yjun1/i240b/submit/lab3/exercises/2-greet$ valgr ind ./greet lisa bart
==1205845== Memcheck, a memory error detector
==1205845== Copyright (C) 2002-2017, and GNU GPL'd, by Julian Seward et al.
==1205845== Using Valgrind-3.14.0 and LibVEX; rerun with -h for copyright info
==1205845== Command: ./greet lisa bart
==1205845== 
hello lisa
hello bart
==1205845== 
==1205845== HEAP SUMMARY:
==1205845==     in use at exit: 22 bytes in 2 blocks
==1205845==   total heap usage: 4 allocs, 2 frees, 73,750 bytes allocated
==1205845== 
==1205845== LEAK SUMMARY:
==1205845==    definitely lost: 22 bytes in 2 blocks
==1205845==    indirectly lost: 0 bytes in 0 blocks
==1205845==      possibly lost: 0 bytes in 0 blocks
==1205845==    still reachable: 0 bytes in 0 blocks
==1205845==         suppressed: 0 bytes in 0 blocks
==1205845== Rerun with --leak-check=full to see details of leaked memory
==1205845== 
==1205845== For counts of detected and suppressed errors, rerun with: -v
==1205845== ERROR SUMMARY: 0 errors from 0 contexts (suppressed: 0 from 0)
yjun1@g7-35:/import/linux/home1/yjun1/i240b/submit/lab3/exercises/2-greet$ e[Kgedit  greet.cc &
[1] 1205879
yjun1@g7-35:/import/linux/home1/yjun1/i240b/submit/lab3/exercises/2-greet$ 
(gedit:1205879): Gtk-[1;33mWARNING[0m **: [34m16:28:18.169[0m: Calling org.xfce.Session.Manager.Inhibit failed: GDBus.Error:org.freedesktop.DBus.Error.UnknownMethod: Method "Inhibit" with signature "susu" on interface "org.xfce.Session.Manager" doesn't exist


yjun1@g7-35:/import/linux/home1/yjun1/i240b/submit/lab3/exercises/2-greet$ gedit greet.cc &[A[C[C[C[C[C[C[C[C[C[C[C[C[C[C[C[C[C[C[C[C[C[C[C[C[C[C[C[C[C[C[C[C[C[C[C[C[C[C[C[C[C[C[C[C[C[C[C[C[C[C[C[C[C[C[C[C[C[C[C[C[C[C[C[Cvalgrind ./greet lisa bart[A[C[C[C[C[C[C[C[C[C[C[C[C[C[C[C[C[C[C[C[C[C[C[C[C[C[C[C[C[C[C[C[C[C[C[C[C[C[C[C[C[C[C[C[C[C[C[C[C[C[C[C[C[C[C./gree[9Pt bart lisa[K[K[K[K[K[K[K[K[K[K[K[K[A[C[C[C[C[C[C[C[C[C[C[C[C[C[C[C[C[C[C[C[C[C[C[C[C[C[C[C[C[C[C[C[C[C[C[C[C[C[C[C[C[C[C[C[C[C[C[C[C[C[C[C[C[C[C[C[C[C[C[C[C[C[C[C[C[C[C[C[C[C[C[C[C[C[C[C[C[C[C[C[K
[K[A[C[C[C[C[C[C[C[C[C[C[C[C[C[C[C[C[C[C[C[C[C[C[C[C[C[C[C[C[C[C[C[C[C[C[C[C[C[C[C[C[C[C[C[C[C[C[C[C[C[C[C[C[C[C[C[C[C[C[C[C[C[C[C[C[C[C[C[C[C[C[C[C[C[C[C[C[C[C[C[K[K[K[K./greet [A[C[C[C[C[C[C[C[C[C[C[C[C[C[C[C[C[C[C[C[C[C[C[C[C[C[C[C[C[C[C[C[C[C[C[C[C[C[C[C[C[C[C[C[C[C[C[C[C[C[C[C[C[C[C[C[C[C[C[C[C[C[C[C[C[C[C[C[C[C[C[C[Cmake -[12@f ../Makefile[C[A[C[C[C[C[C[C[C[C[C[C[C[C[C[C[C[C[C[C[C[C[C[C[C[C[C[C[C[C[C[C[C[C[C[C[C[C[C[C[C[C[C[C[C[C[C[C[C[C[C[C[C[C[C[C[C[C[C[C[C[Ccd 2-g[9Preet/[A[C[C[C[C[C[C[C[C[C[C[C[C[C[C[C[C[C[C[C[C[C[C[C[C[C[C[C[C[C[C[C[C[C[C[C[C[C[C[C[C[C[C[C[C[C[C[C[C[C[C[C[C[C[C[C[C[C[C[C[C[C[C[C[C[C[C[C[C[C[C[C[C.. [K[A[C[C[C[C[C[C[C[C[C[C[C[C[C[C[C[C[C[C[C[C[C[C[C[C[C[C[C[C[C[C[C[C[C[C[C[C[C[C[C[C[C[C[C[C[C[C[C[C[C[C[C[C[C[C[C[C[C[C[C[C[C[C[C[C[C[C[C[C[C[C[C[C[C[C[Cgedit greet.cc &[A[C[C[C[C[C[C[C[C[C[C[C[C[C[C[C[C[C[C[C[C[C[C[C[C[C[C[C[C[C[C[C[C[C[C[C[C[C[C[C[C[C[C[C[C[C[C[C[C[C[C[C[C[C[C[C[C[C[C[C[C[C[C[C[Ccd 1-g[5Preet/[A[C[C[C[C[C[C[C[C[C[C[C[C[C[C[C[C[C[C[C[C[C[C[C[C[C[C[C[C[C[C[C[C[C[C[C[C[C[C[C[C[C[C[C[C[C[C[C[C[C[C[C[C[C[C[C[C[C[C[C[C[C[C[C[C[C[C[C[C[C[C[C[C.. [K[A[C[C[C[C[C[C[C[C[C[C[C[C[C[C[C[C[C[C[C[C[C[C[C[C[C[C[C[C[C[C[C[C[C[C[C[C[C[C[C[C[C[C[C[C[C[C[C[C[C[C[C[C[C[C[C[C[C[C[C[C[C[C[C[C[C[C[C[C[C[C[C[C[C[C[C[C[C[C1-greet/[A[C[C[C[C[C[C[C[C[C[C[C[C[C[C[C[C[C[C[C[C[C[C[C[C[C[C[C[C[C[C[C[C[C[C[C[C[C[C[C[C[C[C[C[C[C[C[C[C[C[C[C[C[C[C[C[C[C[C[C[C[C[C[C[C[C[C[C[C[Cgedit greet.cc &[A[C[C[C[C[C[C[C[C[C[C[C[C[C[C[C[C[C[C[C[C[C[C[C[C[C[C[C[C[C[C[C[C[C[C[C[C[C[C[C[C[C[C[C[C[C[C[C[C[C[C[C[C[C[C[C[C[C[C[C[C[C[C[C[Ccd .. [K[A[C[C[C[C[C[C[C[C[C[C[C[C[C[C[C[C[C[C[C[C[C[C[C[C[C[C[C[C[C[C[C[C[C[C[C[C[C[C[C[C[C[C[C[C[C[C[C[C[C[C[C[C[C[C[C[C[C[C[C[C[C[C[C[C[C[C[C[C[C[C[C[C[C[C[C[C[C[C2-greet/[A[C[C[C[C[C[C[C[C[C[C[C[C[C[C[C[C[C[C[C[C[C[C[C[C[C[C[C[C[C[C[C[C[C[C[C[C[C[C[C[C[C[C[C[C[C[C[C[C[C[C[C[C[C[C[C[C[C[C[C[C[C[C[C[C[C[C[C[C[C[C[C[C.. [K[A[C[C[C[C[C[C[C[C[C[C[C[C[C[C[C[C[C[C[C[C[C[C[C[C[C[C[C[C[C[C[C[C[C[C[C[C[C[C[C[C[C[C[C[C[C[C[C[C[C[C[C[C[C[C[C[C[C[C[C[C[C[C[C[C[C[C[C[C[C[C[C[C[C[C[Cgedit greet.cc &[A[C[C[C[C[C[C[C[C[C[C[C[C[C[C[C[C[C[C[C[C[C[C[C[C[C[C[C[C[C[C[C[C[C[C[C[C[C[C[C[C[C[C[C[C[C[C[C[C[C[C[C[C[C[C[C[C[C[C[C[C[C[C[C[Ccd 1-g[5Preet/[A[C[C[C[C[C[C[C[C[C[C[C[C[C[C[C[C[C[C[C[C[C[C[C[C[C[C[C[C[C[C[C[C[C[C[C[C[C[C[C[C[C[C[C[C[C[C[C[C[C[C[C[C[C[C[C[C[C[C[C[C[C[C[C[C[C[C[C[C[C[C[C[C.. [K[A[C[C[C[C[C[C[C[C[C[C[C[C[C[C[C[C[C[C[C[C[C[C[C[C[C[C[C[C[C[C[C[C[C[C[C[C[C[C[C[C[C[C[C[C[C[C[C[C[C[C[C[C[C[C[C[C[C[C[C[C[C[C[C[C[C[C[C[C[C[C[C[C[C[C[Cmake  [A[C[C[C[C[C[C[C[C[C[C[C[C[C[C[C[C[C[C[C[C[C[C[C[C[C[C[C[C[C[C[C[C[C[C[C[C[C[C[C[C[C[C[C[C[C[C[C[C[C[C[C[C[C[C[C[C[C[C[C[C[C[C[C[C[C[C[C[C[C[C[C[C[C[C[C[3Pls
[K[A[C[C[C[C[C[C[C[C[C[C[C[C[C[C[C[C[C[C[C[C[C[C[C[C[C[C[C[C[C[C[C[C[C[C[C[C[C[C[C[C[C[C[C[C[C[C[C[C[C[C[C[C[C[C[C[C[C[C[C[C[C[C[C[C[C[C[C[C[C[C[C[C[C[C[C[C[Cmake  [A[C[C[C[C[C[C[C[C[C[C[C[C[C[C[C[C[C[C[C[C[C[C[C[C[C[C[C[C[C[C[C[C[C[C[C[C[C[C[C[C[C[C[C[C[C[C[C[C[C[C[C[C[C[C[C[C[C[C[C[C[C[C[C[C[C[C[C[C[C[C[C[C[C[C[Ccd .. [A[C[C[C[C[C[C[C[C[C[C[C[C[C[C[C[C[C[C[C[C[C[C[C[C[C[C[C[C[C[C[C[C[C[C[C[C[C[C[C[C[C[C[C[C[C[C[C[C[C[C[C[C[C[C[C[C[C[C[C[C[C[C[C[C[C[C[C[C[C[C[C[C[C[C[C[C[C[C1-greet/[A[C[C[C[C[C[C[C[C[C[C[C[C[C[C[C[C[C[C[C[C[C[C[C[C[C[C[C[C[C[C[C[C[C[C[C[C[C[C[C[C[C[C[C[C[C[C[C[C[C[C[C[C[C[C[C[C[C[C[C[C[C[C[C[C[C[C[C[C[Cgedit greet.cc &[A[C[C[C[C[C[C[C[C[C[C[C[C[C[C[C[C[C[C[C[C[C[C[C[C[C[C[C[C[C[C[C[C[C[C[C[C[C[C[C[C[C[C[C[C[C[C[C[C[C[C[C[C[C[C[C[C[C[C[C[C[C[C[C[Ccd .. [K[A[C[C[C[C[C[C[C[C[C[C[C[C[C[C[C[C[C[C[C[C[C[C[C[C[C[C[C[C[C[C[C[C[C[C[C[C[C[C[C[C[C[C[C[C[C[C[C[C[C[C[C[C[C[C[C[C[C[C[C[C[C[C[C[C[C[C[C[C[C[C[C[C[C[C[C[C[C[C2-greet/[A[C[C[C[C[C[C[C[C[C[C[C[C[C[C[C[C[C[C[C[C[C[C[C[C[C[C[C[C[C[C[C[C[C[C[C[C[C[C[C[C[C[C[C[C[C[C[C[C[C[C[C[C[C[C[C[C[C[C[C[C[C[C[C[C[C[C[C[C[Cmake -f ../Makefile 
g++ -g -Wall -std=c++17    greet.cc   -o greet
cat </dev/null >.gitignore
for t in greet; do echo $t >>.gitignore; done
yjun1@g7-35:/import/linux/home1/yjun1/i240b/submit/lab3/exercises/2-greet$ make -f ../Makefile [A[C[C[C[C[C[C[C[C[C[C[C[C[C[C[C[C[C[C[C[C[C[C[C[C[C[C[C[C[C[C[C[C[C[C[C[C[C[C[C[C[C[C[C[C[C[C[C[C[C[C[C[C[C[C[C[C[C[C[C[Cgedit [4Pgreet.cc &[A[C[C[C[C[C[C[C[C[C[C[C[C[C[C[C[C[C[C[C[C[C[C[C[C[C[C[C[C[C[C[C[C[C[C[C[C[C[C[C[C[C[C[C[C[C[C[C[C[C[C[C[C[C[C[C[C[C[C[C[C[C[C[C[Cvalgrind ./greet lisa bart[A[C[C[C[C[C[C[C[C[C[C[C[C[C[C[C[C[C[C[C[C[C[C[C[C[C[C[C[C[C[C[C[C[C[C[C[C[C[C[C[C[C[C[C[C[C[C[C[C[C[C[C[C[C[C[K
[K[A[C[C[C[C[C[C[C[C[C[C[C[C[C[C[C[C[C[C[C[C[C[C[C[C[C[C[C[C[C[C[C[C[C[C[C[C[C[C[C[C[C[C[C[C[C[C[C[C[C[C[C[C[C[C[C[C[C[C[C[C[C[C[C[C[C[C[C[C[C[C[C[C[C[C[C./greet 
usage: ./greet NAME...
yjun1@g7-35:/import/linux/home1/yjun1/i240b/submit/lab3/exercises/2-greet$ ./greet [K[K[K[A[C[C[C[C[C[C[C[C[C[C[C[C[C[C[C[C[C[C[C[C[C[C[C[C[C[C[C[C[C[C[C[C[C[C[C[C[C[C[C[C[C[C[C[C[C[C[C[C[C[C[C[C[C[C[C[C[C[C[C[C[C[C[C[C[C[C[C[C[C[C[C[C[C[C[C[C[C[C[C[K
[K[A[C[C[C[C[C[C[C[C[C[C[C[C[C[C[C[C[C[C[C[C[C[C[C[C[C[C[C[C[C[C[C[C[C[C[C[C[C[C[C[C[C[C[C[C[C[C[C[C[C[C[C[C[C[C[C[C[C[C[C[C[C[C[C[C[C[C[C[C[C[C[C[C[C[C[C[C[C[C[C[K[K[K[Kv[Kmake -f ../Makefile [A[C[C[C[C[C[C[C[C[C[C[C[C[C[C[C[C[C[C[C[C[C[C[C[C[C[C[C[C[C[C[C[C[C[C[C[C[C[C[C[C[C[C[C[C[C[C[C[C[C[C[C[C[C[C[C[C[C[C[C[Cgedit [4Pgreet.cc &[A[C[C[C[C[C[C[C[C[C[C[C[C[C[C[C[C[C[C[C[C[C[C[C[C[C[C[C[C[C[C[C[C[C[C[C[C[C[C[C[C[C[C[C[C[C[C[C[C[C[C[C[C[C[C[C[C[C[C[C[C[C[C[C[Cvalgrind ./greet lisa bart[A[C[C[C[C[C[C[C[C[C[C[C[C[C[C[C[C[C[C[C[C[C[C[C[C[C[C[C[C[C[C[C[C[C[C[C[C[C[C[C[C[C[C[C[C[C[C[C[C[C[C[C[C[C[C[K
[K[A[C[C[C[C[C[C[C[C[C[C[C[C[C[C[C[C[C[C[C[C[C[C[C[C[C[C[C[C[C[C[C[C[C[C[C[C[C[C[C[C[C[C[C[C[C[C[C[C[C[C[C[C[C[C[C[C[C[C[C[C[C[C[C[C[C[C[C[C[C[C[C[C[C[C[Cvalgrind ./greet lisa bart
==1206395== Memcheck, a memory error detector
==1206395== Copyright (C) 2002-2017, and GNU GPL'd, by Julian Seward et al.
==1206395== Using Valgrind-3.14.0 and LibVEX; rerun with -h for copyright info
==1206395== Command: ./greet lisa bart
==1206395== 
==1206395== Mismatched free() / delete / delete []
==1206395==    at 0x483708B: operator delete(void*, unsigned long) (vg_replace_malloc.c:585)
==1206395==    by 0x10924A: greetMsg(char const*) (greet.cc:13)
==1206395==    by 0x1092E9: main (greet.cc:26)
==1206395==  Address 0x4d74c80 is 0 bytes inside a block of size 11 alloc'd
==1206395==    at 0x483650F: operator new[](unsigned long) (vg_replace_malloc.c:423)
==1206395==    by 0x1091E4: greetMsg(char const*) (greet.cc:11)
==1206395==    by 0x1092E9: main (greet.cc:26)
==1206395== 
==1206395== Invalid read of size 1
==1206395==    at 0x4838CC2: __strlen_sse2 (vg_replace_strmem.c:462)
==1206395==    by 0x4989E38: std::basic_ostream<char, std::char_traits<char> >& std::operator<< <std::char_traits<char> >(std::basic_ostream<char, std::char_traits<char> >&, char const*) (in /usr/lib/x86_64-linux-gnu/libstdc++.so.6.0.25)
==1206395==    by 0x1092F8: main (greet.cc:26)
==1206395==  Address 0x4d74c80 is 0 bytes inside a block of size 11 free'd
==1206395==    at 0x483708B: operator delete(void*, unsigned long) (vg_replace_malloc.c:585)
==1206395==    by 0x10924A: greetMsg(char const*) (greet.cc:13)
==1206395==    by 0x1092E9: main (greet.cc:26)
==1206395==  Block was alloc'd at
==1206395==    at 0x483650F: operator new[](unsigned long) (vg_replace_malloc.c:423)
==1206395==    by 0x1091E4: greetMsg(char const*) (greet.cc:11)
==1206395==    by 0x1092E9: main (greet.cc:26)
==1206395== 
==1206395== Invalid read of size 1
==1206395==    at 0x4838CD4: __strlen_sse2 (vg_replace_strmem.c:462)
==1206395==    by 0x4989E38: std::basic_ostream<char, std::char_traits<char> >& std::operator<< <std::char_traits<char> >(std::basic_ostream<char, std::char_traits<char> >&, char const*) (in /usr/lib/x86_64-linux-gnu/libstdc++.so.6.0.25)
==1206395==    by 0x1092F8: main (greet.cc:26)
==1206395==  Address 0x4d74c81 is 1 bytes inside a block of size 11 free'd
==1206395==    at 0x483708B: operator delete(void*, unsigned long) (vg_replace_malloc.c:585)
==1206395==    by 0x10924A: greetMsg(char const*) (greet.cc:13)
==1206395==    by 0x1092E9: main (greet.cc:26)
==1206395==  Block was alloc'd at
==1206395==    at 0x483650F: operator new[](unsigned long) (vg_replace_malloc.c:423)
==1206395==    by 0x1091E4: greetMsg(char const*) (greet.cc:11)
==1206395==    by 0x1092E9: main (greet.cc:26)
==1206395== 
==1206395== Invalid read of size 1
==1206395==    at 0x4C1A847: _IO_default_xsputn (genops.c:399)
==1206395==    by 0x4C1A847: _IO_default_xsputn (genops.c:370)
==1206395==    by 0x4C18AD0: _IO_new_file_xsputn (fileops.c:1272)
==1206395==    by 0x4C18AD0: _IO_file_xsputn@@GLIBC_2.2.5 (fileops.c:1204)
==1206395==    by 0x4C0DAE7: fwrite (iofwrite.c:39)
==1206395==    by 0x4989B33: std::basic_ostream<char, std::char_traits<char> >& std::__ostream_insert<char, std::char_traits<char> >(std::basic_ostream<char, std::char_traits<char> >&, char const*, long) (in /usr/lib/x86_64-linux-gnu/libstdc++.so.6.0.25)
==1206395==    by 0x4989E46: std::basic_ostream<char, std::char_traits<char> >& std::operator<< <std::char_traits<char> >(std::basic_ostream<char, std::char_traits<char> >&, char const*) (in /usr/lib/x86_64-linux-gnu/libstdc++.so.6.0.25)
==1206395==    by 0x1092F8: main (greet.cc:26)
==1206395==  Address 0x4d74c80 is 0 bytes inside a block of size 11 free'd
==1206395==    at 0x483708B: operator delete(void*, unsigned long) (vg_replace_malloc.c:585)
==1206395==    by 0x10924A: greetMsg(char const*) (greet.cc:13)
==1206395==    by 0x1092E9: main (greet.cc:26)
==1206395==  Block was alloc'd at
==1206395==    at 0x483650F: operator new[](unsigned long) (vg_replace_malloc.c:423)
==1206395==    by 0x1091E4: greetMsg(char const*) (greet.cc:11)
==1206395==    by 0x1092E9: main (greet.cc:26)
==1206395== 
hello lisa
==1206395== Invalid read of size 1
==1206395==    at 0x4C18A25: _IO_new_file_xsputn (fileops.c:1226)
==1206395==    by 0x4C18A25: _IO_file_xsputn@@GLIBC_2.2.5 (fileops.c:1204)
==1206395==    by 0x4C0DAE7: fwrite (iofwrite.c:39)
==1206395==    by 0x4989B33: std::basic_ostream<char, std::char_traits<char> >& std::__ostream_insert<char, std::char_traits<char> >(std::basic_ostream<char, std::char_traits<char> >&, char const*, long) (in /usr/lib/x86_64-linux-gnu/libstdc++.so.6.0.25)
==1206395==    by 0x4989E46: std::basic_ostream<char, std::char_traits<char> >& std::operator<< <std::char_traits<char> >(std::basic_ostream<char, std::char_traits<char> >&, char const*) (in /usr/lib/x86_64-linux-gnu/libstdc++.so.6.0.25)
==1206395==    by 0x1092F8: main (greet.cc:26)
==1206395==  Address 0x4d75119 is 9 bytes inside a block of size 11 free'd
==1206395==    at 0x483708B: operator delete(void*, unsigned long) (vg_replace_malloc.c:585)
==1206395==    by 0x10924A: greetMsg(char const*) (greet.cc:13)
==1206395==    by 0x1092E9: main (greet.cc:26)
==1206395==  Block was alloc'd at
==1206395==    at 0x483650F: operator new[](unsigned long) (vg_replace_malloc.c:423)
==1206395==    by 0x1091E4: greetMsg(char const*) (greet.cc:11)
==1206395==    by 0x1092E9: main (greet.cc:26)
==1206395== 
==1206395== Invalid read of size 1
==1206395==    at 0x4C18A3C: _IO_new_file_xsputn (fileops.c:1226)
==1206395==    by 0x4C18A3C: _IO_file_xsputn@@GLIBC_2.2.5 (fileops.c:1204)
==1206395==    by 0x4C0DAE7: fwrite (iofwrite.c:39)
==1206395==    by 0x4989B33: std::basic_ostream<char, std::char_traits<char> >& std::__ostream_insert<char, std::char_traits<char> >(std::basic_ostream<char, std::char_traits<char> >&, char const*, long) (in /usr/lib/x86_64-linux-gnu/libstdc++.so.6.0.25)
==1206395==    by 0x4989E46: std::basic_ostream<char, std::char_traits<char> >& std::operator<< <std::char_traits<char> >(std::basic_ostream<char, std::char_traits<char> >&, char const*) (in /usr/lib/x86_64-linux-gnu/libstdc++.so.6.0.25)
==1206395==    by 0x1092F8: main (greet.cc:26)
==1206395==  Address 0x4d75118 is 8 bytes inside a block of size 11 free'd
==1206395==    at 0x483708B: operator delete(void*, unsigned long) (vg_replace_malloc.c:585)
==1206395==    by 0x10924A: greetMsg(char const*) (greet.cc:13)
==1206395==    by 0x1092E9: main (greet.cc:26)
==1206395==  Block was alloc'd at
==1206395==    at 0x483650F: operator new[](unsigned long) (vg_replace_malloc.c:423)
==1206395==    by 0x1091E4: greetMsg(char const*) (greet.cc:11)
==1206395==    by 0x1092E9: main (greet.cc:26)
==1206395== 
==1206395== Invalid read of size 1
==1206395==    at 0x483D528: mempcpy (vg_replace_strmem.c:1536)
==1206395==    by 0x4C189E4: _IO_new_file_xsputn (fileops.c:1243)
==1206395==    by 0x4C189E4: _IO_file_xsputn@@GLIBC_2.2.5 (fileops.c:1204)
==1206395==    by 0x4C0DAE7: fwrite (iofwrite.c:39)
==1206395==    by 0x4989B33: std::basic_ostream<char, std::char_traits<char> >& std::__ostream_insert<char, std::char_traits<char> >(std::basic_ostream<char, std::char_traits<char> >&, char const*, long) (in /usr/lib/x86_64-linux-gnu/libstdc++.so.6.0.25)
==1206395==    by 0x4989E46: std::basic_ostream<char, std::char_traits<char> >& std::operator<< <std::char_traits<char> >(std::basic_ostream<char, std::char_traits<char> >&, char const*) (in /usr/lib/x86_64-linux-gnu/libstdc++.so.6.0.25)
==1206395==    by 0x1092F8: main (greet.cc:26)
==1206395==  Address 0x4d75110 is 0 bytes inside a block of size 11 free'd
==1206395==    at 0x483708B: operator delete(void*, unsigned long) (vg_replace_malloc.c:585)
==1206395==    by 0x10924A: greetMsg(char const*) (greet.cc:13)
==1206395==    by 0x1092E9: main (greet.cc:26)
==1206395==  Block was alloc'd at
==1206395==    at 0x483650F: operator new[](unsigned long) (vg_replace_malloc.c:423)
==1206395==    by 0x1091E4: greetMsg(char const*) (greet.cc:11)
==1206395==    by 0x1092E9: main (greet.cc:26)
==1206395== 
==1206395== Invalid read of size 1
==1206395==    at 0x483D536: mempcpy (vg_replace_strmem.c:1536)
==1206395==    by 0x4C189E4: _IO_new_file_xsputn (fileops.c:1243)
==1206395==    by 0x4C189E4: _IO_file_xsputn@@GLIBC_2.2.5 (fileops.c:1204)
==1206395==    by 0x4C0DAE7: fwrite (iofwrite.c:39)
==1206395==    by 0x4989B33: std::basic_ostream<char, std::char_traits<char> >& std::__ostream_insert<char, std::char_traits<char> >(std::basic_ostream<char, std::char_traits<char> >&, char const*, long) (in /usr/lib/x86_64-linux-gnu/libstdc++.so.6.0.25)
==1206395==    by 0x4989E46: std::basic_ostream<char, std::char_traits<char> >& std::operator<< <std::char_traits<char> >(std::basic_ostream<char, std::char_traits<char> >&, char const*) (in /usr/lib/x86_64-linux-gnu/libstdc++.so.6.0.25)
==1206395==    by 0x1092F8: main (greet.cc:26)
==1206395==  Address 0x4d75112 is 2 bytes inside a block of size 11 free'd
==1206395==    at 0x483708B: operator delete(void*, unsigned long) (vg_replace_malloc.c:585)
==1206395==    by 0x10924A: greetMsg(char const*) (greet.cc:13)
==1206395==    by 0x1092E9: main (greet.cc:26)
==1206395==  Block was alloc'd at
==1206395==    at 0x483650F: operator new[](unsigned long) (vg_replace_malloc.c:423)
==1206395==    by 0x1091E4: greetMsg(char const*) (greet.cc:11)
==1206395==    by 0x1092E9: main (greet.cc:26)
==1206395== 
hello bart
==1206395== 
==1206395== HEAP SUMMARY:
==1206395==     in use at exit: 0 bytes in 0 blocks
==1206395==   total heap usage: 4 allocs, 4 frees, 73,750 bytes allocated
==1206395== 
==1206395== All heap blocks were freed -- no leaks are possible
==1206395== 
==1206395== For counts of detected and suppressed errors, rerun with: -v
==1206395== ERROR SUMMARY: 54 errors from 8 contexts (suppressed: 0 from 0)
yjun1@g7-35:/import/linux/home1/yjun1/i240b/submit/lab3/exercises/2-greet$ valgrind ./greet lisa bart[A[C[C[C[C[C[C[C[C[C[C[C[C[C[C[C[C[C[C[C[C[C[C[C[C[C[C[C[C[C[C[C[C[C[C[C[C[C[C[C[C[C[C[C[C[C[C[C[C[C[C[C[C[C[C[K
[K[A[C[C[C[C[C[C[C[C[C[C[C[C[C[C[C[C[C[C[C[C[C[C[C[C[C[C[C[C[C[C[C[C[C[C[C[C[C[C[C[C[C[C[C[C[C[C[C[C[C[C[C[C[C[C[C[C[C[C[C[C[C[C[C[C[C[C[C[C[C[C[C[C[C[C[Cmake -f ../Makefile 
g++ -g -Wall -std=c++17    greet.cc   -o greet
cat </dev/null >.gitignore
for t in greet; do echo $t >>.gitignore; done
yjun1@g7-35:/import/linux/home1/yjun1/i240b/submit/lab3/exercises/2-greet$ make -f ../Makefile [A[C[C[C[C[C[C[C[C[C[C[C[C[C[C[C[C[C[C[C[C[C[C[C[C[C[C[C[C[C[C[C[C[C[C[C[C[C[C[C[C[C[C[C[C[C[C[C[C[C[C[C[C[C[C[C[C[C[C[C[Cvalgrind ./greet lisa bart
==1206536== Memcheck, a memory error detector
==1206536== Copyright (C) 2002-2017, and GNU GPL'd, by Julian Seward et al.
==1206536== Using Valgrind-3.14.0 and LibVEX; rerun with -h for copyright info
==1206536== Command: ./greet lisa bart
==1206536== 
hello lisa
==1206536== Mismatched free() / delete / delete []
==1206536==    at 0x483708B: operator delete(void*, unsigned long) (vg_replace_malloc.c:585)
==1206536==    by 0x109315: main (greet.cc:27)
==1206536==  Address 0x4d74c80 is 0 bytes inside a block of size 11 alloc'd
==1206536==    at 0x483650F: operator new[](unsigned long) (vg_replace_malloc.c:423)
==1206536==    by 0x1091E4: greetMsg(char const*) (greet.cc:11)
==1206536==    by 0x1092D8: main (greet.cc:25)
==1206536== 
hello bart
==1206536== 
==1206536== HEAP SUMMARY:
==1206536==     in use at exit: 0 bytes in 0 blocks
==1206536==   total heap usage: 4 allocs, 4 frees, 73,750 bytes allocated
==1206536== 
==1206536== All heap blocks were freed -- no leaks are possible
==1206536== 
==1206536== For counts of detected and suppressed errors, rerun with: -v
==1206536== ERROR SUMMARY: 2 errors from 1 contexts (suppressed: 0 from 0)
yjun1@g7-35:/import/linux/home1/yjun1/i240b/submit/lab3/exercises/2-greet$ valgrind ./greet lisa bart[A[C[C[C[C[C[C[C[C[C[C[C[C[C[C[C[C[C[C[C[C[C[C[C[C[C[C[C[C[C[C[C[C[C[C[C[C[C[C[C[C[C[C[C[C[C[C[C[C[C[C[C[C[C[Cmake -[6Pf ../Makefile 
g++ -g -Wall -std=c++17    greet.cc   -o greet
cat </dev/null >.gitignore
for t in greet; do echo $t >>.gitignore; done
yjun1@g7-35:/import/linux/home1/yjun1/i240b/submit/lab3/exercises/2-greet$ make -f ../Makefile [A[C[C[C[C[C[C[C[C[C[C[C[C[C[C[C[C[C[C[C[C[C[C[C[C[C[C[C[C[C[C[C[C[C[C[C[C[C[C[C[C[C[C[C[C[C[C[C[C[C[C[C[C[C[C[C[C[C[C[C[Cvalgrind ./greet lisa bart
==1206689== Memcheck, a memory error detector
==1206689== Copyright (C) 2002-2017, and GNU GPL'd, by Julian Seward et al.
==1206689== Using Valgrind-3.14.0 and LibVEX; rerun with -h for copyright info
==1206689== Command: ./greet lisa bart
==1206689== 
hello lisa
hello bart
==1206689== 
==1206689== HEAP SUMMARY:
==1206689==     in use at exit: 0 bytes in 0 blocks
==1206689==   total heap usage: 4 allocs, 4 frees, 73,750 bytes allocated
==1206689== 
==1206689== All heap blocks were freed -- no leaks are possible
==1206689== 
==1206689== For counts of detected and suppressed errors, rerun with: -v
==1206689== ERROR SUMMARY: 0 errors from 0 contexts (suppressed: 0 from 0)
yjun1@g7-35:/import/linux/home1/yjun1/i240b/submit/lab3/exercises/2-greet$ cd .. [A[C[C[C[C[C[C[C[C[C[C[C[C[C[C[C[C[C[C[C[C[C[C[C[C[C[C[C[C[C[C[C[C[C[C[C[C[C[C[C[C[C[C[C[C[C[C[C[C[C[C[C[C[C[C[C[C[C[C[C[C[C[C[C[C[C[C[C[C[C[C[C[C[C[C[C[C[C[C[C[K.
[1]+  Done                    gedit greet.cc  (wd: /import/linux/home1/yjun1/i240b/submit/lab3/exercises/2-greet)
(wd now: /import/linux/home1/yjun1/i240b/submit/lab3/exercises)
yjun1@g7-35:/import/linux/home1/yjun1/i240b/submit/lab3/exercises$ cd 3-greet/
yjun1@g7-35:/import/linux/home1/yjun1/i240b/submit/lab3/exercises/3-greet$ e[Kgedit  greet.cc &
[1] 1206780
yjun1@g7-35:/import/linux/home1/yjun1/i240b/submit/lab3/exercises/3-greet$ gedit greet.cc &[A[C[C[C[C[C[C[C[C[C[C[C[C[C[C[C[C[C[C[C[C[C[C[C[C[C[C[C[C[C[C[C[C[C[C[C[C[C[C[C[C[C[C[C[C[C[C[C[C[C[C[C[C[C[C[C[C[C[C[C[C[C[C[C[Ccd 3-g[5Preet/[A[C[C[C[C[C[C[C[C[C[C[C[C[C[C[C[C[C[C[C[C[C[C[C[C[C[C[C[C[C[C[C[C[C[C[C[C[C[C[C[C[C[C[C[C[C[C[C[C[C[C[C[C[C[C[C[C[C[C[C[C[C[C[C[C[C[C[C[C[C[C[C[C.. [K[A[C[C[C[C[C[C[C[C[C[C[C[C[C[C[C[C[C[C[C[C[C[C[C[C[C[C[C[C[C[C[C[C[C[C[C[C[C[C[C[C[C[C[C[C[C[C[C[C[C[C[C[C[C[C[C[C[C[C[C[C[C[C[C[C[C[C[C[C[C[C[C[C[C[C[Cvalgrind ./greet lisa bart[A[C[C[C[C[C[C[C[C[C[C[C[C[C[C[C[C[C[C[C[C[C[C[C[C[C[C[C[C[C[C[C[C[C[C[C[C[C[C[C[C[C[C[C[C[C[C[C[C[C[C[C[C[C[Cmake -[6Pf ../Makefile 
g++ -g -Wall -std=c++17    greet.cc   -o greet
cat </dev/null >.gitignore
for t in greet; do echo $t >>.gitignore; done
yjun1@g7-35:/import/linux/home1/yjun1/i240b/submit/lab3/exercises/3-greet$ ./greet bart lisa
ing::replacebart
ing::replacelisa
yjun1@g7-35:/import/linux/home1/yjun1/i240b/submit/lab3/exercises/3-greet$ 
(gedit:1206780): Gtk-[1;33mWARNING[0m **: [34m16:35:35.462[0m: Calling org.xfce.Session.Manager.Inhibit failed: GDBus.Error:org.freedesktop.DBus.Error.UnknownMethod: Method "Inhibit" with signature "susu" on interface "org.xfce.Session.Manager" doesn't exist

./greet bart lisa[A[C[C[C[C[C[C[C[C[C[C[C[C[C[C[C[C[C[C[C[C[C[C[C[C[C[C[C[C[C[C[C[C[C[C[C[C[C[C[C[C[C[C[C[C[C[C[C[C[C[C[C[C[C[C[C[C[C[C[C[C[C[C[C[K
[K[A[C[C[C[C[C[C[C[C[C[C[C[C[C[C[C[C[C[C[C[C[C[C[C[C[C[C[C[C[C[C[C[C[C[C[C[C[C[C[C[C[C[C[C[C[C[C[C[C[C[C[C[C[C[C[C[C[C[C[C[C[C[C[C[C[C[C[C[C[C[C[C[C[C[C[C
yjun1@g7-35:/import/linux/home1/yjun1/i240b/submit/lab3/exercises/3-greet$ ./greet bart lisa[A[C[C[C[C[C[C[C[C[C[C[C[C[C[C[C[C[C[C[C[C[C[C[C[C[C[C[C[C[C[C[C[C[C[C[C[C[C[C[C[C[C[C[C[C[C[C[C[C[C[C[C[C[C[C[C[C[C[C[C[C[C[C[Cmake -f ../Makefile 
g++ -g -Wall -std=c++17    greet.cc   -o greet
cat </dev/null >.gitignore
for t in greet; do echo $t >>.gitignore; done
yjun1@g7-35:/import/linux/home1/yjun1/i240b/submit/lab3/exercises/3-greet$ make -f ../Makefile [A[C[C[C[C[C[C[C[C[C[C[C[C[C[C[C[C[C[C[C[C[C[C[C[C[C[C[C[C[C[C[C[C[C[C[C[C[C[C[C[C[C[C[C[C[C[C[C[C[C[C[C[C[C[C[C[C[C[C[C[C./gree[3Pt bart lisa
hellobart
hellolisa
yjun1@g7-35:/import/linux/home1/yjun1/i240b/submit/lab3/exercises/3-greet$ ./greet bart lisa[A[C[C[C[C[C[C[C[C[C[C[C[C[C[C[C[C[C[C[C[C[C[C[C[C[C[C[C[C[C[C[C[C[C[C[C[C[C[C[C[C[C[C[C[C[C[C[C[C[C[C[C[C[C[C[C[C[C[C[C[C[C[C[Cmake -f ../Makefile 
g++ -g -Wall -std=c++17    greet.cc   -o greet
cat </dev/null >.gitignore
for t in greet; do echo $t >>.gitignore; done
yjun1@g7-35:/import/linux/home1/yjun1/i240b/submit/lab3/exercises/3-greet$ make -f ../Makefile [A[C[C[C[C[C[C[C[C[C[C[C[C[C[C[C[C[C[C[C[C[C[C[C[C[C[C[C[C[C[C[C[C[C[C[C[C[C[C[C[C[C[C[C[C[C[C[C[C[C[C[C[C[C[C[C[C[C[C[C[C./gree[3Pt bart lisa
hello bart
hello lisa
yjun1@g7-35:/import/linux/home1/yjun1/i240b/submit/lab3/exercises/3-greet$ ./greet bart lisa[A[C[C[C[C[C[C[C[C[C[C[C[C[C[C[C[C[C[C[C[C[C[C[C[C[C[C[C[C[C[C[C[C[C[C[C[C[C[C[C[C[C[C[C[C[C[C[C[C[C[C[C[C[C[C[C[C[C[C[C[C[C[C[Cmake -f ../Makefile [A[C[C[C[C[C[C[C[C[C[C[C[C[C[C[C[C[C[C[C[C[C[C[C[C[C[C[C[C[C[C[C[C[C[C[C[C[C[C[C[C[C[C[C[C[C[C[C[C[C[C[C[C[C[C[C[C[C[C[C[C./gree[3Pt bart lisa[A[C[C[C[C[C[C[C[C[C[C[C[C[C[C[C[C[C[C[C[C[C[C[C[C[C[C[C[C[C[C[C[C[C[C[C[C[C[C[C[C[C[C[C[C[C[C[C[C[C[C[C[C[C[C[C[C[C[C[C[C[C[C[Cmake -f ../Makefile [A[C[C[C[C[C[C[C[C[C[C[C[C[C[C[C[C[C[C[C[C[C[C[C[C[C[C[C[C[C[C[C[C[C[C[C[C[C[C[C[C[C[C[C[C[C[C[C[C[C[C[C[C[C[C[C[C[C[C[C[C./gree[3Pt bart lisa[A[C[C[C[C[C[C[C[C[C[C[C[C[C[C[C[C[C[C[C[C[C[C[C[C[C[C[C[C[C[C[C[C[C[C[C[C[C[C[C[C[C[C[C[C[C[C[C[C[C[C[C[C[C[C[C[C[C[C[C[C[C[C[Cmake -f ../Makefile [A[C[C[C[C[C[C[C[C[C[C[C[C[C[C[C[C[C[C[C[C[C[C[C[C[C[C[C[C[C[C[C[C[C[C[C[C[C[C[C[C[C[C[C[C[C[C[C[C[C[C[C[C[C[C[C[C[C[C[C[Cgedit [4Pgreet.cc &[A[C[C[C[C[C[C[C[C[C[C[C[C[C[C[C[C[C[C[C[C[C[C[C[C[C[C[C[C[C[C[C[C[C[C[C[C[C[C[C[C[C[C[C[C[C[C[C[C[C[C[C[C[C[C[C[C[C[C[C[C[C[C[C[Ccd 3-g[5Preet/[A[C[C[C[C[C[C[C[C[C[C[C[C[C[C[C[C[C[C[C[C[C[C[C[C[C[C[C[C[C[C[C[C[C[C[C[C[C[C[C[C[C[C[C[C[C[C[C[C[C[C[C[C[C[C[C[C[C[C[C[C[C[C[C[C[C[C[C[C[Cgedit greet.cc &
[2] 1207231
[1]   Done                    gedit greet.cc
yjun1@g7-35:/import/linux/home1/yjun1/i240b/submit/lab3/exercises/3-greet$ gedit greet.cc &[A[C[C[C[C[C[C[C[C[C[C[C[C[C[C[C[C[C[C[C[C[C[C[C[C[C[C[C[C[C[C[C[C[C[C[C[C[C[C[C[C[C[C[C[C[C[C[C[C[C[C[C[C[C[C[C[C[C[C[C[C[C[C[C[C./greet bart lisa[A[C[C[C[C[C[C[C[C[C[C[C[C[C[C[C[C[C[C[C[C[C[C[C[C[C[C[C[C[C[C[C[C[C[C[C[C[C[C[C[C[C[C[C[C[C[C[C[C[C[C[C[C[C[C[C[C[C[C[C[C[C[C[Cmake -f ../Makefile [A[C[C[C[C[C[C[C[C[C[C[C[C[C[C[C[C[C[C[C[C[C[C[C[C[C[C[C[C[C[C[C[C[C[C[C[C[C[C[C[C[C[C[C[C[C[C[C[C[C[C[C[C[C[C[C[C[C[C[C[C./gree[3Pt bart lisa[K[K[K[K[K[K[K[K[K[K[K[K[A[C[C[C[C[C[C[C[C[C[C[C[C[C[C[C[C[C[C[C[C[C[C[C[C[C[C[C[C[C[C[C[C[C[C[C[C[C[C[C[C[C[C[C[C[C[C[C[C[C[C[C[C[C[C[C[C[C[C[C[C[C[C[C[C[C[C[C[C[C[C[C[C[C[C[C[C[C[C[C[K
[K[A[C[C[C[C[C[C[C[C[C[C[C[C[C[C[C[C[C[C[C[C[C[C[C[C[C[C[C[C[C[C[C[C[C[C[C[C[C[C[C[C[C[C[C[C[C[C[C[C[C[C[C[C[C[C[C[C[C[C[C[C[C[C[C[C[C[C[C[C[C[C[C[C[C[C[C[C[C[C[C[K[K[K[Kvl[Kalgr ind [K[K[K[K[A[C[C[C[C[C[C[C[C[C[C[C[C[C[C[C[C[C[C[C[C[C[C[C[C[C[C[C[C[C[C[C[C[C[C[C[C[C[C[C[C[C[C[C[C[C[C[C[C[C[C[C[C[C[C[C[C[C[C[C[C[C[C[C[C[C[C[C[C[C[C[C[C[C[C[C[C[C[C[C[K
[K[A[C[C[C[C[C[C[C[C[C[C[C[C[C[C[C[C[C[C[C[C[C[C[C[C[C[C[C[C[C[C[C[C[C[C[C[C[C[C[C[C[C[C[C[C[C[C[C[C[C[C[C[C[C[C[C[C[C[C[C[C[C[C[C[C[C[C[C[C[C[C[C[C[C[C[C[C[C[C[C[K[K[K[Kmake -f ../Makefile [A[C[C[C[C[C[C[C[C[C[C[C[C[C[C[C[C[C[C[C[C[C[C[C[C[C[C[C[C[C[C[C[C[C[C[C[C[C[C[C[C[C[C[C[C[C[C[C[C[C[C[C[C[C[C[C[C[C[C[C[C./gree[3Pt bart lisa[A[C[C[C[C[C[C[C[C[C[C[C[C[C[C[C[C[C[C[C[C[C[C[C[C[C[C[C[C[C[C[C[C[C[C[C[C[C[C[C[C[C[C[C[C[C[C[C[C[C[C[C[C[C[C[C[C[C[C[C[C[C[C[Cmake -f ../Makefile [A[C[C[C[C[C[C[C[C[C[C[C[C[C[C[C[C[C[C[C[C[C[C[C[C[C[C[C[C[C[C[C[C[C[C[C[C[C[C[C[C[C[C[C[C[C[C[C[C[C[C[C[C[C[C[C[C[C[C[C[Cgedit [4Pgreet.cc &[A[C[C[C[C[C[C[C[C[C[C[C[C[C[C[C[C[C[C[C[C[C[C[C[C[C[C[C[C[C[C[C[C[C[C[C[C[C[C[C[C[C[C[C[C[C[C[C[C[C[C[C[C[C[C[C[C[C[C[C[C[C[C[C[Ccd 3-g[5Preet/[A[C[C[C[C[C[C[C[C[C[C[C[C[C[C[C[C[C[C[C[C[C[C[C[C[C[C[C[C[C[C[C[C[C[C[C[C[C[C[C[C[C[C[C[C[C[C[C[C[C[C[C[C[C[C[C[C[C[C[C[C[C[C[C[C[C[C[C[C[C[C[C[C.. [K[A[C[C[C[C[C[C[C[C[C[C[C[C[C[C[C[C[C[C[C[C[C[C[C[C[C[C[C[C[C[C[C[C[C[C[C[C[C[C[C[C[C[C[C[C[C[C[C[C[C[C[C[C[C[C[C[C[C[C[C[C[C[C[C[C[C[C[C[C[C[C[C[C[C[C[Cvalgrind ./greet lisa bart[A[C[C[C[C[C[C[C[C[C[C[C[C[C[C[C[C[C[C[C[C[C[C[C[C[C[C[C[C[C[C[C[C[C[C[C[C[C[C[C[C[C[C[C[C[C[C[C[C[C[C[C[C[C[Cmake -[6Pf ../Makefile [A[C[C[C[C[C[C[C[C[C[C[C[C[C[C[C[C[C[C[C[C[C[C[C[C[C[C[C[C[C[C[C[C[C[C[C[C[C[C[C[C[C[C[C[C[C[C[C[C[C[C[C[C[C[C[C[C[C[C[C[Cvalgrind ./greet lisa bart[A[C[C[C[C[C[C[C[C[C[C[C[C[C[C[C[C[C[C[C[C[C[C[C[C[C[C[C[C[C[C[C[C[C[C[C[C[C[C[C[C[C[C[C[C[C[C[C[C[C[C[C[C[C[Cmake -[6Pf ../Makefile [A[C[C[C[C[C[C[C[C[C[C[C[C[C[C[C[C[C[C[C[C[C[C[C[C[C[C[C[C[C[C[C[C[C[C[C[C[C[C[C[C[C[C[C[C[C[C[C[C[C[C[C[C[C[C[C[C[C[C[C[Cvalgrind ./greet lisa bart[A[C[C[C[C[C[C[C[C[C[C[C[C[C[C[C[C[C[C[C[C[C[C[C[C[C[C[C[C[C[C[C[C[C[C[C[C[C[C[C[C[C[C[C[C[C[C[C[C[C[C[C[C[C[Cmake -[6Pf ../Makefile [A[C[C[C[C[C[C[C[C[C[C[C[C[C[C[C[C[C[C[C[C[C[C[C[C[C[C[C[C[C[C[C[C[C[C[C[C[C[C[C[C[C[C[C[C[C[C[C[C[C[C[C[C[C[C[C[C[C[C[C[Cvalgrind ./greet lisa bart
==1207326== Memcheck, a memory error detector
==1207326== Copyright (C) 2002-2017, and GNU GPL'd, by Julian Seward et al.
==1207326== Using Valgrind-3.14.0 and LibVEX; rerun with -h for copyright info
==1207326== Command: ./greet lisa bart
==1207326== 
hello lisa
hello bart
==1207326== 
==1207326== HEAP SUMMARY:
==1207326==     in use at exit: 0 bytes in 0 blocks
==1207326==   total heap usage: 2 allocs, 2 frees, 73,728 bytes allocated
==1207326== 
==1207326== All heap blocks were freed -- no leaks are possible
==1207326== 
==1207326== For counts of detected and suppressed errors, rerun with: -v
==1207326== ERROR SUMMARY: 0 errors from 0 contexts (suppressed: 0 from 0)
yjun1@g7-35:/import/linux/home1/yjun1/i240b/submit/lab3/exercises/3-greet$ valgrind ./greet lisa bart[K[K[K[K[K[K[K[K[K[K[K[K[K[K[K[K[K[K[K[K[K[A[C[C[C[C[C[C[C[C[C[C[C[C[C[C[C[C[C[C[C[C[C[C[C[C[C[C[C[C[C[C[C[C[C[C[C[C[C[C[C[C[C[C[C[C[C[C[C[C[C[C[C[C[C[C[C[C[C[C[C[C[C[C[C[C[C[C[C[C[C[C[C[C[C[C[C[C[C[C[C[K
[K[A[C[C[C[C[C[C[C[C[C[C[C[C[C[C[C[C[C[C[C[C[C[C[C[C[C[C[C[C[C[C[C[C[C[C[C[C[C[C[C[C[C[C[C[C[C[C[C[C[C[C[C[C[C[C[C[C[C[C[C[C[C[C[C[C[C[C[C[C[C[C[C[C[C[C[C[C[C[C[C[K[K[K[K
(gedit:1207231): Gtk-[1;33mWARNING[0m **: [34m16:38:49.398[0m: Calling org.xfce.Session.Manager.Inhibit failed: GDBus.Error:org.freedesktop.DBus.Error.UnknownMethod: Method "Inhibit" with signature "susu" on interface "org.xfce.Session.Manager" doesn't exist

gedit greet.cc &[A[C[C[C[C[C[C[C[C[C[C[C[C[C[C[C[C[C[C[C[C[C[C[C[C[C[C[C[C[C[C[C[C[C[C[C[C[C[C[C[C[C[C[C[C[C[C[C[C[C[C[C[C[C[C[C[C[C[C[C[C[C[C[C[C./greet bart lisa[K[K[K[K[K[K[K[K[K[K[K[K[A[C[C[C[C[C[C[C[C[C[C[C[C[C[C[C[C[C[C[C[C[C[C[C[C[C[C[C[C[C[C[C[C[C[C[C[C[C[C[C[C[C[C[C[C[C[C[C[C[C[C[C[C[C[C[C[C[C[C[C[C[C[C[C[C[C[C[C[C[C[C[C[C[C[C[C[C[C[C[C[K
[K[A[C[C[C[C[C[C[C[C[C[C[C[C[C[C[C[C[C[C[C[C[C[C[C[C[C[C[C[C[C[C[C[C[C[C[C[C[C[C[C[C[C[C[C[C[C[C[C[C[C[C[C[C[C[C[C[C[C[C[C[C[C[C[C[C[C[C[C[C[C[C[C[C[C[C[C[C[C[C[C[K[K[K[K
yjun1@g7-35:/import/linux/home1/yjun1/i240b/submit/lab3/exercises/3-greet$ gedit greet.cc &[A[C[C[C[C[C[C[C[C[C[C[C[C[C[C[C[C[C[C[C[C[C[C[C[C[C[C[C[C[C[C[C[C[C[C[C[C[C[C[C[C[C[C[C[C[C[C[C[C[C[C[C[C[C[C[C[C[C[C[C[C[C[C[C[C./greet bart lisa[A[C[C[C[C[C[C[C[C[C[C[C[C[C[C[C[C[C[C[C[C[C[C[C[C[C[C[C[C[C[C[C[C[C[C[C[C[C[C[C[C[C[C[C[C[C[C[C[C[C[C[C[C[C[C[C[C[C[C[C[C[C[C[Cmake -f ../Makefile 
g++ -g -Wall -std=c++17    greet.cc   -o greet
cat </dev/null >.gitignore
for t in greet; do echo $t >>.gitignore; done
yjun1@g7-35:/import/linux/home1/yjun1/i240b/submit/lab3/exercises/3-greet$ make -f ../Makefile [A[C[C[C[C[C[C[C[C[C[C[C[C[C[C[C[C[C[C[C[C[C[C[C[C[C[C[C[C[C[C[C[C[C[C[C[C[C[C[C[C[C[C[C[C[C[C[C[C[C[C[C[C[C[C[C[C[C[C[C[C[K
[K[A[C[C[C[C[C[C[C[C[C[C[C[C[C[C[C[C[C[C[C[C[C[C[C[C[C[C[C[C[C[C[C[C[C[C[C[C[C[C[C[C[C[C[C[C[C[C[C[C[C[C[C[C[C[C[C[C[C[C[C[C[C[C[C[C[C[C[C[C[C[C[C[C[C[C[Cgedit greet.cc &[A[C[C[C[C[C[C[C[C[C[C[C[C[C[C[C[C[C[C[C[C[C[C[C[C[C[C[C[C[C[C[C[C[C[C[C[C[C[C[C[C[C[C[C[C[C[C[C[C[C[C[C[C[C[C[C[C[C[C[C[C[C[C[C[C./greet bart lisa
hello bart
32
hello lisa
32
yjun1@g7-35:/import/linux/home1/yjun1/i240b/submit/lab3/exercises/3-greet$ ./greet bart lisa klsjdklfajsflkjahlag
hello bart
32
hello lisa
32
hello klsjdklfajsflkjahlag
32
yjun1@g7-35:/import/linux/home1/yjun1/i240b/submit/lab3/exercises/3-greet$ cd .. [A[C[C[C[C[C[C[C[C[C[C[C[C[C[C[C[C[C[C[C[C[C[C[C[C[C[C[C[C[C[C[C[C[C[C[C[C[C[C[C[C[C[C[C[C[C[C[C[C[C[C[C[C[C[C[C[C[C[C[C[C[C[C[C[C[C[C[C[C[C[C[C[C[C[C[C[C[C[C[C[K.
[2]+  Done                    gedit greet.cc  (wd: /import/linux/home1/yjun1/i240b/submit/lab3/exercises/3-greet)
(wd now: /import/linux/home1/yjun1/i240b/submit/lab3/exercises)
yjun1@g7-35:/import/linux/home1/yjun1/i240b/submit/lab3/exercises$ cd 4-sortnums/
yjun1@g7-35:/import/linux/home1/yjun1/i240b/submit/lab3/exercises/4-sortnums$ ge d[K[A[C[C[C[C[C[C[C[C[C[C[C[C[C[C[C[C[C[C[C[C[C[C[C[C[C[C[C[C[C[C[C[C[C[C[C[C[C[C[C[C[C[C[C[C[C[C[C[C[C[C[C[C[C[C[C[C[C[C[C[C[C[C[C[C[C[C[C[C[C[C[C[C[C[C[C[C[C[C[C[K
[K[A[C[C[C[C[C[C[C[C[C[C[C[C[C[C[C[C[C[C[C[C[C[C[C[C[C[C[C[C[C[C[C[C[C[C[C[C[C[C[C[C[C[C[C[C[C[C[C[C[C[C[C[C[C[C[C[C[C[C[C[C[C[C[C[C[C[C[C[C[C[C[C[C[C[C[C[C[C[C[C[Kge idt [K[K[K[K[A[C[C[C[C[C[C[C[C[C[C[C[C[C[C[C[C[C[C[C[C[C[C[C[C[C[C[C[C[C[C[C[C[C[C[C[C[C[C[C[C[C[C[C[C[C[C[C[C[C[C[C[C[C[C[C[C[C[C[C[C[C[C[C[C[C[C[C[C[C[C[C[C[C[C[C[C[C[C[C[K
[K[A[C[C[C[C[C[C[C[C[C[C[C[C[C[C[C[C[C[C[C[C[C[C[C[C[C[C[C[C[C[C[C[C[C[C[C[C[C[C[C[C[C[C[C[C[C[C[C[C[C[C[C[C[C[C[C[C[C[C[C[C[C[C[C[C[C[C[C[C[C[C[C[C[C[C[C[C[C[C[C[Kge dit sortnums.cc &
[1] 1207880
yjun1@g7-35:/import/linux/home1/yjun1/i240b/submit/lab3/exercises/4-sortnums$ ls [A[C[C[C[C[C[C[C[C[C[C[C[C[C[C[C[C[C[C[C[C[C[C[C[C[C[C[C[C[C[C[C[C[C[C[C[C[C[C[C[C[C[C[C[C[C[C[C[C[C[C[C[C[C[C[C[C[C[C[C[C[C[C[C[C[C[C[C[C[C[C[C[C[C[C[C[C[C[C[C[Ks
nums1.dat  nums2.dat  sortnums.cc
yjun1@g7-35:/import/linux/home1/yjun1/i240b/submit/lab3/exercises/4-sortnums$ ls [A[C[C[C[C[C[C[C[C[C[C[C[C[C[C[C[C[C[C[C[C[C[C[C[C[C[C[C[C[C[C[C[C[C[C[C[C[C[C[C[C[C[C[C[C[C[C[C[C[C[C[C[C[C[C[C[C[C[C[C[C[C[C[C[C[C[C[C[C[C[C[C[C[C[C[C[C[C[Cgedit sortnums.cc &[A[C[C[C[C[C[C[C[C[C[C[C[C[C[C[C[C[C[C[C[C[C[C[C[C[C[C[C[C[C[C[C[C[C[C[C[C[C[C[C[C[C[C[C[C[C[C[C[C[C[C[C[C[C[C[C[C[C[C[C[C[Ccd [5P4-sortnums/[C..[K[A[C[C[C[C[C[C[C[C[C[C[C[C[C[C[C[C[C[C[C[C[C[C[C[C[C[C[C[C[C[C[C[C[C[C[C[C[C[C[C[C[C[C[C[C[C[C[C[C[C[C[C[C[C[C[C[C[C[C[C[C[C[C[C[C[C[C[C[C[C[C[C[C[C[C[C./greet bart lisa klsjdklfajsflkjahlag[C[C[C[C[C[C[C[C[C[C[C[C[C[C[C[K[A[C[C[C[C[C[C[C[C[C[C[C[C[C[C[C[C[C[C[C[C[C[C[C[C[C[C[C[C[C[C[C[C[C[C[C[C[C[C[C[C[C[C[C[C[C[C[C[C[C[C[C[C[C[C[C[C[C[C[C[C[C[C[Cmake -f ../Makefile 
g++ -g -Wall -std=c++17    sortnums.cc   -o sortnums
cat </dev/null >.gitignore
for t in sortnums; do echo $t >>.gitignore; done
yjun1@g7-35:/import/linux/home1/yjun1/i240b/submit/lab3/exercises/4-sortnums$ ./ sortnums 
usage: ./sortnums FILE...
yjun1@g7-35:/import/linux/home1/yjun1/i240b/submit/lab3/exercises/4-sortnums$ ./sortnums 1[K[K[K[K[K[K[K[K[K[K[A[C[C[C[C[C[C[C[C[C[C[C[C[C[C[C[C[C[C[C[C[C[C[C[C[C[C[C[C[C[C[C[C[C[C[C[C[C[C[C[C[C[C[C[C[C[C[C[C[C[C[C[C[C[C[C[C[C[C[C[C[C[C[C[C[C[C[C[C[C[C[C[C[C[C[C[C[C[C[C[K
[K[A[C[C[C[C[C[C[C[C[C[C[C[C[C[C[C[C[C[C[C[C[C[C[C[C[C[C[C[C[C[C[C[C[C[C[C[C[C[C[C[C[C[C[C[C[C[C[C[C[C[C[C[C[C[C[C[C[C[C[C[C[C[C[C[C[C[C[C[C[C[C[C[C[C[C[C[C[C[C[C[K
Display all 4486 possibilities? (y or n)
yjun1@g7-35:/import/linux/home1/yjun1/i240b/submit/lab3/exercises/4-sortnums$ 
yjun1@g7-35:/import/linux/home1/yjun1/i240b/submit/lab3/exercises/4-sortnums$ ls [A[C[C[C[C[C[C[C[C[C[C[C[C[C[C[C[C[C[C[C[C[C[C[C[C[C[C[C[C[C[C[C[C[C[C[C[C[C[C[C[C[C[C[C[C[C[C[C[C[C[C[C[C[C[C[C[C[C[C[C[C[C[C[C[C[C[C[C[C[C[C[C[C[C[C[C[C[C[C[C[Ks
nums1.dat  nums2.dat  sortnums	sortnums.cc
yjun1@g7-35:/import/linux/home1/yjun1/i240b/submit/lab3/exercises/4-sortnums$ ls [A[C[C[C[C[C[C[C[C[C[C[C[C[C[C[C[C[C[C[C[C[C[C[C[C[C[C[C[C[C[C[C[C[C[C[C[C[C[C[C[C[C[C[C[C[C[C[C[C[C[C[C[C[C[C[C[C[C[C[C[C[C[C[C[C[C[C[C[C[C[C[C[C[C[C[C[C[C[C./sortnums nums1.dat 
10
10
10
20
20
20
30
30
30
40
40
40
50
50
50
60
60
60
70
70
70
80
80
80
90
90
90
yjun1@g7-35:/import/linux/home1/yjun1/i240b/submit/lab3/exercises/4-sortnums$ ./sortnums nums1.dat [C[1P[1@2
100
100
100
200
200
200
300
300
300
400
400
400
500
500
500
600
600
600
700
700
700
800
800
800
900
900
900
yjun1@g7-35:/import/linux/home1/yjun1/i240b/submit/lab3/exercises/4-sortnums$ 
(gedit:1207880): Gtk-[1;33mWARNING[0m **: [34m16:46:30.360[0m: Calling org.xfce.Session.Manager.Inhibit failed: GDBus.Error:org.freedesktop.DBus.Error.UnknownMethod: Method "Inhibit" with signature "susu" on interface "org.xfce.Session.Manager" doesn't exist


yjun1@g7-35:/import/linux/home1/yjun1/i240b/submit/lab3/exercises/4-sortnums$ ./sortnums nums2.dat 1[C[C[C[C[C[A[C[C[C[C[C[C[C[C[C[C[C[C[C[C[C[C[C[C[C[C[C[C[C[C[C[C[C[C[C[C[C[C[C[C[C[C[C[C[C[C[C[C[C[C[C[C[C[C[C[C[C[C[C[C[C[C[C[C[Cls [K[A[C[C[C[C[C[C[C[C[C[C[C[C[C[C[C[C[C[C[C[C[C[C[C[C[C[C[C[C[C[C[C[C[C[C[C[C[C[C[C[C[C[C[C[C[C[C[C[C[C[C[C[C[C[C[C[C[C[C[C[C[C[C[C[C[C[C[C[C[C[C[C[C[C[C[C[C[C[C./sortnums [A[C[C[C[C[C[C[C[C[C[C[C[C[C[C[C[C[C[C[C[C[C[C[C[C[C[C[C[C[C[C[C[C[C[C[C[C[C[C[C[C[C[C[C[C[C[C[C[C[C[C[C[C[C[C[C[C[C[C[C[C[C[C[C[C[C[C[C[C[Cmak[9@e -f ../Makefile[C
g++ -g -Wall -std=c++17    sortnums.cc   -o sortnums
cat </dev/null >.gitignore
for t in sortnums; do echo $t >>.gitignore; done
yjun1@g7-35:/import/linux/home1/yjun1/i240b/submit/lab3/exercises/4-sortnums$ make -f ../Makefile [A[C[C[C[C[C[C[C[C[C[C[C[C[C[C[C[C[C[C[C[C[C[C[C[C[C[C[C[C[C[C[C[C[C[C[C[C[C[C[C[C[C[C[C[C[C[C[C[C[C[C[C[C[C[C[C[C[C[C[C[C./s[1@ortnums nums2.dat[C[C[1P[1P[1P[1P[1P[1@*
10
10
10
20
20
20
30
30
30
40
40
40
50
50
50
60
60
60
70
70
70
80
80
80
90
90
90
100
100
100
200
200
200
300
300
300
400
400
400
500
500
500
600
600
600
700
700
700
800
800
800
900
900
900
yjun1@g7-35:/import/linux/home1/yjun1/i240b/submit/lab3/exercises/4-sortnums$ ./sortnums *.dat [A[C[C[C[C[C[C[C[C[C[C[C[C[C[C[C[C[C[C[C[C[C[C[C[C[C[C[C[C[C[C[C[C[C[C[C[C[C[C[C[C[C[C[C[C[C[C[C[C[C[C[C[C[C[C[C[C[C[C[C[C[C[C[Cmak[3@e -f ../Makefile[C
g++ -g -Wall -std=c++17    sortnums.cc   -o sortnums
cat </dev/null >.gitignore
for t in sortnums; do echo $t >>.gitignore; done
yjun1@g7-35:/import/linux/home1/yjun1/i240b/submit/lab3/exercises/4-sortnums$ make -f ../Makefile [A[C[C[C[C[C[C[C[C[C[C[C[C[C[C[C[C[C[C[C[C[C[C[C[C[C[C[C[C[C[C[C[C[C[C[C[C[C[C[C[C[C[C[C[C[C[C[C[C[C[C[C[C[C[C[C[C[C[C[C[C./s[3Portnums *.dat[C
900
900
900
800
800
800
700
700
700
600
600
600
500
500
500
400
400
400
300
300
300
200
200
200
100
100
100
90
90
90
80
80
80
70
70
70
60
60
60
50
50
50
40
40
40
30
30
30
20
20
20
10
10
10
yjun1@g7-35:/import/linux/home1/yjun1/i240b/submit/lab3/exercises/4-sortnums$ cd  ..
[1]+  Done                    gedit sortnums.cc  (wd: /import/linux/home1/yjun1/i240b/submit/lab3/exercises/4-sortnums)
(wd now: /import/linux/home1/yjun1/i240b/submit/lab3/exercises)
yjun1@g7-35:/import/linux/home1/yjun1/i240b/submit/lab3/exercises$ cd 6[K5-numpaths/
yjun1@g7-35:/import/linux/home1/yjun1/i240b/submit/lab3/exercises/5-numpaths$ cd 5-numpaths/[C..[K[A[C[C[C[C[C[C[C[C[C[C[C[C[C[C[C[C[C[C[C[C[C[C[C[C[C[C[C[C[C[C[C[C[C[C[C[C[C[C[C[C[C[C[C[C[C[C[C[C[C[C[C[C[C[C[C[C[C[C[C[C[C[C[C[C[C[C[C[C[C[C[C[C[C[C[C./sortnums *.dat [A[C[C[C[C[C[C[C[C[C[C[C[C[C[C[C[C[C[C[C[C[C[C[C[C[C[C[C[C[C[C[C[C[C[C[C[C[C[C[C[C[C[C[C[C[C[C[C[C[C[C[C[C[C[C[C[C[C[C[C[C[C[C[Cmak[3@e -f ../Makefile[C
g++ -g -Wall -std=c++17    numpaths.cc   -o numpaths
cat </dev/null >.gitignore
for t in numpaths; do echo $t >>.gitignore; done
yjun1@g7-35:/import/linux/home1/yjun1/i240b/submit/lab3/exercises/5-numpaths$ nu mfmt [K[K[K[K[K[A[C[C[C[C[C[C[C[C[C[C[C[C[C[C[C[C[C[C[C[C[C[C[C[C[C[C[C[C[C[C[C[C[C[C[C[C[C[C[C[C[C[C[C[C[C[C[C[C[C[C[C[C[C[C[C[C[C[C[C[C[C[C[C[C[C[C[C[C[C[C[C[C[C[C[C[C[C[C[C[K
[K[A[C[C[C[C[C[C[C[C[C[C[C[C[C[C[C[C[C[C[C[C[C[C[C[C[C[C[C[C[C[C[C[C[C[C[C[C[C[C[C[C[C[C[C[C[C[C[C[C[C[C[C[C[C[C[C[C[C[C[C[C[C[C[C[C[C[C[C[C[C[C[C[C[C[C[C[C[C[C[C[Knu mpa[K[K[K[A[C[C[C[C[C[C[C[C[C[C[C[C[C[C[C[C[C[C[C[C[C[C[C[C[C[C[C[C[C[C[C[C[C[C[C[C[C[C[C[C[C[C[C[C[C[C[C[C[C[C[C[C[C[C[C[C[C[C[C[C[C[C[C[C[C[C[C[C[C[C[C[C[C[C[C[C[C[C[C[K
[K[A[C[C[C[C[C[C[C[C[C[C[C[C[C[C[C[C[C[C[C[C[C[C[C[C[C[C[C[C[C[C[C[C[C[C[C[C[C[C[C[C[C[C[C[C[C[C[C[C[C[C[C[C[C[C[C[C[C[C[C[C[C[C[C[C[C[C[C[C[C[C[C[C[C[C[C[C[C[C[C[Knu mfmt [K[K[K[Kpa[K[K[K[A[C[C[C[C[C[C[C[C[C[C[C[C[C[C[C[C[C[C[C[C[C[C[C[C[C[C[C[C[C[C[C[C[C[C[C[C[C[C[C[C[C[C[C[C[C[C[C[C[C[C[C[C[C[C[C[C[C[C[C[C[C[C[C[C[C[C[C[C[C[C[C[C[C[C[C[C[C[C[C[K
[K[A[C[C[C[C[C[C[C[C[C[C[C[C[C[C[C[C[C[C[C[C[C[C[C[C[C[C[C[C[C[C[C[C[C[C[C[C[C[C[C[C[C[C[C[C[C[C[C[C[C[C[C[C[C[C[C[C[C[C[C[C[C[C[C[C[C[C[C[C[C[C[C[C[C[C[C[C[C[C[C[Knu mpaht[K[Kths ../data/*.dat
bash: numpaths: command not found
yjun1@g7-35:/import/linux/home1/yjun1/i240b/submit/lab3/exercises/5-numpaths$ numpaths ../data/*.dat[A[C[C[C[C[C[C[C[C[C[C[C[C[C[C[C[C[C[C[C[C[C[C[C[C[C[C[C[C[C[C[C[C[C[C[C[C[C[C[C[C[C[C[C[C[C[C[C[C[C[C[C[C[C[C[C[C[C[C[C[C[C[C[C[C[C[C[C[C[C[C[C[C[C[C[C[C[C[C[C.nu[1@m[A[C[C[C[C[C[C[C[C[C[C[C[C[C[C[C[C[C[C[C[C[C[C[C[C[C[C[C[C[C[C[C[C[C[C[C[C[C[C[C[C[C[C[C[C[C[C[C[C[C[C[C[C[C[C[C[C[C[C[C[C[C[C[C[C[C[C[C[C[C[C[C[C[C[C[C[C[C/n[1@u
>> 342
342: ../data/4.dat ../data/8.dat 
>> 324
324: ../data/1.dat ../data/3.dat ../data/8.dat 
>> 45
45: NOT FOUND
>> 234
234: ../data/6.dat ../data/8.dat 
>> yjun1@g7-35:/import/linux/home1/yjun1/i240b/submit/lab3/exercises/5-numpaths$ ge dit [K[K[K[K[A[C[C[C[C[C[C[C[C[C[C[C[C[C[C[C[C[C[C[C[C[C[C[C[C[C[C[C[C[C[C[C[C[C[C[C[C[C[C[C[C[C[C[C[C[C[C[C[C[C[C[C[C[C[C[C[C[C[C[C[C[C[C[C[C[C[C[C[C[C[C[C[C[C[C[C[C[C[C[C[K
[K[A[C[C[C[C[C[C[C[C[C[C[C[C[C[C[C[C[C[C[C[C[C[C[C[C[C[C[C[C[C[C[C[C[C[C[C[C[C[C[C[C[C[C[C[C[C[C[C[C[C[C[C[C[C[C[C[C[C[C[C[C[C[C[C[C[C[C[C[C[C[C[C[C[C[C[C[C[C[C[C[Kexit

Script done on 2020-02-13 16:52:02-05:00 [COMMAND_EXIT_CODE="0"]
Script started on 2020-02-13 16:52:45-05:00 [TERM="xterm-256color" TTY="/dev/pts/0" COLUMNS="80" LINES="24"]
bash: /home/umrigar/cs240/bin/student.rc: Permission denied
yjun1@g7-35:/import/linux/home1/yjun1/i240b/submit/lab3$ cd 5[K[K[K[Kcde[K exercises/
yjun1@g7-35:/import/linux/home1/yjun1/i240b/submit/lab3/exercises$ cd 5-numpaths/
yjun1@g7-35:/import/linux/home1/yjun1/i240b/submit/lab3/exercises/5-numpaths$ ge dit numpaths.cc &
[1] 1209183
yjun1@g7-35:/import/linux/home1/yjun1/i240b/submit/lab3/exercises/5-numpaths$ 
(gedit:1209183): Gtk-[1;33mWARNING[0m **: [34m17:09:54.916[0m: Calling org.xfce.Session.Manager.Inhibit failed: GDBus.Error:org.freedesktop.DBus.Error.UnknownMethod: Method "Inhibit" with signature "susu" on interface "org.xfce.Session.Manager" doesn't exist


yjun1@g7-35:/import/linux/home1/yjun1/i240b/submit/lab3/exercises/5-numpaths$ gedit numpaths.cc &[A[C[C[C[C[C[C[C[C[C[C[C[C[C[C[C[C[C[C[C[C[C[C[C[C[C[C[C[C[C[C[C[C[C[C[C[C[C[C[C[C[C[C[C[C[C[C[C[C[C[C[C[C[C[C[C[C[C[C[C[C[Ccd [5P5-numpaths/[C[1Pexercises/[A[C[C[C[C[C[C[C[C[C[C[C[C[C[C[C[C[C[C[C[C[C[C[C[C[C[C[C[C[C[C[C[C[C[C[C[C[C[C[C[C[C[C[C[C[C[C[C[C[C[C[C[C[C[C[C[C[C[C[C[C[C[C[C[C[C[C[C./numpaths ../data/*.dat[A[C[C[C[C[C[C[C[C[C[C[C[C[C[C[C[C[C[C[C[C[C[C[C[C[C[C[C[C[C[C[C[C[C[C[C[C[C[C[C[C[C[C[C[C[C[C[C[C[C[C[C[C[C[C[C[Cnum[2P[C[C[C[C[C[C[C[C[C[C[C[C[C[C[C[C[C[C[C[A[C[C[C[C[C[C[C[C[C[C[C[C[C[C[C[C[C[C[C[C[C[C[C[C[C[C[C[C[C[C[C[C[C[C[C[C[C[C[C[C[C[C[C[C[C[C[C[C[C[C[C[C[C[C[C[C[C[Cmak[2Pe -f ../Makefile [A[C[C[C[C[C[C[C[C[C[C[C[C[C[C[C[C[C[C[C[C[C[C[C[C[C[C[C[C[C[C[C[C[C[C[C[C[C[C[C[C[C[C[C[C[C[C[C[C[C[C[C[C[C[C[C[C[C[C[C[Ccd [6P5-numpaths/[C..[K[A[C[C[C[C[C[C[C[C[C[C[C[C[C[C[C[C[C[C[C[C[C[C[C[C[C[C[C[C[C[C[C[C[C[C[C[C[C[C[C[C[C[C[C[C[C[C[C[C[C[C[C[C[C[C[C[C[C[C[C[C[C[C[C[C[C[C[C[C[C[C[C[C[C[C[C./sortnums *.dat [A[C[C[C[C[C[C[C[C[C[C[C[C[C[C[C[C[C[C[C[C[C[C[C[C[C[C[C[C[C[C[C[C[C[C[C[C[C[C[C[C[C[C[C[C[C[C[C[C[C[C[C[C[C[C[C[C[C[C[C[C[C[C[Cmak[3@e -f ../Makefile[C
g++ -g -Wall -std=c++17    numpaths.cc   -o numpaths
[01m[Knumpaths.cc:[m[K In function ‘[01m[Kstd::map<std::__cxx11::basic_string<char>, int> readNums(std::vector<std::__cxx11::basic_string<char> >)[m[K’:
[01m[Knumpaths.cc:28:44:[m[K [01;31m[Kerror: [m[Kno matching function for call to ‘[01m[Kstd::map<int, std::set<std::__cxx11::basic_string<char> > >::insert(std::pair<std::__cxx11::basic_string<char>, int>)[m[K’
     map.insert(std::make_pair(fileName,sum)[01;31m[K)[m[K;
                                            [01;31m[K^[m[K
In file included from [01m[K/usr/include/c++/8/map:61[m[K,
                 from [01m[Knumpaths.cc:7[m[K:
[01m[K/usr/include/c++/8/bits/stl_map.h:627:7:[m[K [01;36m[Knote: [m[Kcandidate: ‘[01m[Kstd::map<_Key, _Tp, _Compare, _Alloc>::insert_return_type std::map<_Key, _Tp, _Compare, _Alloc>::insert(std::map<_Key, _Tp, _Compare, _Alloc>::node_type&&) [with _Key = int; _Tp = std::set<std::__cxx11::basic_string<char> >; _Compare = std::less<int>; _Alloc = std::allocator<std::pair<const int, std::set<std::__cxx11::basic_string<char> > > >; std::map<_Key, _Tp, _Compare, _Alloc>::insert_return_type = std::_Node_insert_return<std::_Rb_tree_iterator<std::pair<const int, std::set<std::__cxx11::basic_string<char> > > >, std::_Node_handle<int, std::pair<const int, std::set<std::__cxx11::basic_string<char> > >, std::allocator<std::_Rb_tree_node<std::pair<const int, std::set<std::__cxx11::basic_string<char> > > > > > >; std::map<_Key, _Tp, _Compare, _Alloc>::node_type = std::_Node_handle<int, std::pair<const int, std::set<std::__cxx11::basic_string<char> > >, std::allocator<std::_Rb_tree_node<std::pair<const int, std::set<std::__cxx11::basic_string<char> > > > > >][m[K’
       [01;36m[Kinsert[m[K(node_type&& __nh)
       [01;36m[K^~~~~~[m[K
[01m[K/usr/include/c++/8/bits/stl_map.h:627:7:[m[K [01;36m[Knote: [m[K  no known conversion for argument 1 from ‘[01m[Kstd::pair<std::__cxx11::basic_string<char>, int>[m[K’ to ‘[01m[Kstd::map<int, std::set<std::__cxx11::basic_string<char> > >::node_type&&[m[K’ {aka ‘[01m[Kstd::_Node_handle<int, std::pair<const int, std::set<std::__cxx11::basic_string<char> > >, std::allocator<std::_Rb_tree_node<std::pair<const int, std::set<std::__cxx11::basic_string<char> > > > > >&&[m[K’}
[01m[K/usr/include/c++/8/bits/stl_map.h:632:7:[m[K [01;36m[Knote: [m[Kcandidate: ‘[01m[Kstd::map<_Key, _Tp, _Compare, _Alloc>::iterator std::map<_Key, _Tp, _Compare, _Alloc>::insert(std::map<_Key, _Tp, _Compare, _Alloc>::const_iterator, std::map<_Key, _Tp, _Compare, _Alloc>::node_type&&) [with _Key = int; _Tp = std::set<std::__cxx11::basic_string<char> >; _Compare = std::less<int>; _Alloc = std::allocator<std::pair<const int, std::set<std::__cxx11::basic_string<char> > > >; std::map<_Key, _Tp, _Compare, _Alloc>::iterator = std::_Rb_tree_iterator<std::pair<const int, std::set<std::__cxx11::basic_string<char> > > >; std::map<_Key, _Tp, _Compare, _Alloc>::const_iterator = std::_Rb_tree_const_iterator<std::pair<const int, std::set<std::__cxx11::basic_string<char> > > >; std::map<_Key, _Tp, _Compare, _Alloc>::node_type = std::_Node_handle<int, std::pair<const int, std::set<std::__cxx11::basic_string<char> > >, std::allocator<std::_Rb_tree_node<std::pair<const int, std::set<std::__cxx11::basic_string<char> > > > > >][m[K’
       [01;36m[Kinsert[m[K(const_iterator __hint, node_type&& __nh)
       [01;36m[K^~~~~~[m[K
[01m[K/usr/include/c++/8/bits/stl_map.h:632:7:[m[K [01;36m[Knote: [m[K  candidate expects 2 arguments, 1 provided
[01m[K/usr/include/c++/8/bits/stl_map.h:801:7:[m[K [01;36m[Knote: [m[Kcandidate: ‘[01m[Kstd::pair<typename std::_Rb_tree<_Key, std::pair<const _Key, _Tp>, std::_Select1st<std::pair<const _Key, _Tp> >, _Compare, typename __gnu_cxx::__alloc_traits<_Alloc>::rebind<std::pair<const _Key, _Tp> >::other>::iterator, bool> std::map<_Key, _Tp, _Compare, _Alloc>::insert(const value_type&) [with _Key = int; _Tp = std::set<std::__cxx11::basic_string<char> >; _Compare = std::less<int>; _Alloc = std::allocator<std::pair<const int, std::set<std::__cxx11::basic_string<char> > > >; typename std::_Rb_tree<_Key, std::pair<const _Key, _Tp>, std::_Select1st<std::pair<const _Key, _Tp> >, _Compare, typename __gnu_cxx::__alloc_traits<_Alloc>::rebind<std::pair<const _Key, _Tp> >::other>::iterator = std::_Rb_tree_iterator<std::pair<const int, std::set<std::__cxx11::basic_string<char> > > >; std::map<_Key, _Tp, _Compare, _Alloc>::value_type = std::pair<const int, std::set<std::__cxx11::basic_string<char> > >][m[K’
       [01;36m[Kinsert[m[K(const value_type& __x)
       [01;36m[K^~~~~~[m[K
[01m[K/usr/include/c++/8/bits/stl_map.h:801:7:[m[K [01;36m[Knote: [m[K  no known conversion for argument 1 from ‘[01m[Kstd::pair<std::__cxx11::basic_string<char>, int>[m[K’ to ‘[01m[Kconst value_type&[m[K’ {aka ‘[01m[Kconst std::pair<const int, std::set<std::__cxx11::basic_string<char> > >&[m[K’}
[01m[K/usr/include/c++/8/bits/stl_map.h:808:7:[m[K [01;36m[Knote: [m[Kcandidate: ‘[01m[Kstd::pair<typename std::_Rb_tree<_Key, std::pair<const _Key, _Tp>, std::_Select1st<std::pair<const _Key, _Tp> >, _Compare, typename __gnu_cxx::__alloc_traits<_Alloc>::rebind<std::pair<const _Key, _Tp> >::other>::iterator, bool> std::map<_Key, _Tp, _Compare, _Alloc>::insert(std::map<_Key, _Tp, _Compare, _Alloc>::value_type&&) [with _Key = int; _Tp = std::set<std::__cxx11::basic_string<char> >; _Compare = std::less<int>; _Alloc = std::allocator<std::pair<const int, std::set<std::__cxx11::basic_string<char> > > >; typename std::_Rb_tree<_Key, std::pair<const _Key, _Tp>, std::_Select1st<std::pair<const _Key, _Tp> >, _Compare, typename __gnu_cxx::__alloc_traits<_Alloc>::rebind<std::pair<const _Key, _Tp> >::other>::iterator = std::_Rb_tree_iterator<std::pair<const int, std::set<std::__cxx11::basic_string<char> > > >; std::map<_Key, _Tp, _Compare, _Alloc>::value_type = std::pair<const int, std::set<std::__cxx11::basic_string<char> > >][m[K’
       [01;36m[Kinsert[m[K(value_type&& __x)
       [01;36m[K^~~~~~[m[K
[01m[K/usr/include/c++/8/bits/stl_map.h:808:7:[m[K [01;36m[Knote: [m[K  no known conversion for argument 1 from ‘[01m[Kstd::pair<std::__cxx11::basic_string<char>, int>[m[K’ to ‘[01m[Kstd::map<int, std::set<std::__cxx11::basic_string<char> > >::value_type&&[m[K’ {aka ‘[01m[Kstd::pair<const int, std::set<std::__cxx11::basic_string<char> > >&&[m[K’}
[01m[K/usr/include/c++/8/bits/stl_map.h:814:2:[m[K [01;36m[Knote: [m[Kcandidate: ‘[01m[Ktemplate<class _Pair> std::__enable_if_t<std::is_constructible<std::pair<const _Key, _Tp>, _Pair>::value, std::pair<typename std::_Rb_tree<_Key, std::pair<const _Key, _Tp>, std::_Select1st<std::pair<const _Key, _Tp> >, _Compare, typename __gnu_cxx::__alloc_traits<_Alloc>::rebind<std::pair<const _Key, _Tp> >::other>::iterator, bool> > std::map<_Key, _Tp, _Compare, _Alloc>::insert(_Pair&&) [with _Pair = _Pair; _Key = int; _Tp = std::set<std::__cxx11::basic_string<char> >; _Compare = std::less<int>; _Alloc = std::allocator<std::pair<const int, std::set<std::__cxx11::basic_string<char> > > >][m[K’
  [01;36m[Kinsert[m[K(_Pair&& __x)
  [01;36m[K^~~~~~[m[K
[01m[K/usr/include/c++/8/bits/stl_map.h:814:2:[m[K [01;36m[Knote: [m[K  template argument deduction/substitution failed:
[01m[K/usr/include/c++/8/bits/stl_map.h:828:7:[m[K [01;36m[Knote: [m[Kcandidate: ‘[01m[Kvoid std::map<_Key, _Tp, _Compare, _Alloc>::insert(std::initializer_list<std::pair<const _Key, _Tp> >) [with _Key = int; _Tp = std::set<std::__cxx11::basic_string<char> >; _Compare = std::less<int>; _Alloc = std::allocator<std::pair<const int, std::set<std::__cxx11::basic_string<char> > > >][m[K’
       [01;36m[Kinsert[m[K(std::initializer_list<value_type> __list)
       [01;36m[K^~~~~~[m[K
[01m[K/usr/include/c++/8/bits/stl_map.h:828:7:[m[K [01;36m[Knote: [m[K  no known conversion for argument 1 from ‘[01m[Kstd::pair<std::__cxx11::basic_string<char>, int>[m[K’ to ‘[01m[Kstd::initializer_list<std::pair<const int, std::set<std::__cxx11::basic_string<char> > > >[m[K’
[01m[K/usr/include/c++/8/bits/stl_map.h:858:7:[m[K [01;36m[Knote: [m[Kcandidate: ‘[01m[Kstd::map<_Key, _Tp, _Compare, _Alloc>::iterator std::map<_Key, _Tp, _Compare, _Alloc>::insert(std::map<_Key, _Tp, _Compare, _Alloc>::const_iterator, const value_type&) [with _Key = int; _Tp = std::set<std::__cxx11::basic_string<char> >; _Compare = std::less<int>; _Alloc = std::allocator<std::pair<const int, std::set<std::__cxx11::basic_string<char> > > >; std::map<_Key, _Tp, _Compare, _Alloc>::iterator = std::_Rb_tree_iterator<std::pair<const int, std::set<std::__cxx11::basic_string<char> > > >; std::map<_Key, _Tp, _Compare, _Alloc>::const_iterator = std::_Rb_tree_const_iterator<std::pair<const int, std::set<std::__cxx11::basic_string<char> > > >; std::map<_Key, _Tp, _Compare, _Alloc>::value_type = std::pair<const int, std::set<std::__cxx11::basic_string<char> > >][m[K’
       [01;36m[Kinsert[m[K(const_iterator __position, const value_type& __x)
       [01;36m[K^~~~~~[m[K
[01m[K/usr/include/c++/8/bits/stl_map.h:858:7:[m[K [01;36m[Knote: [m[K  candidate expects 2 arguments, 1 provided
[01m[K/usr/include/c++/8/bits/stl_map.h:868:7:[m[K [01;36m[Knote: [m[Kcandidate: ‘[01m[Kstd::map<_Key, _Tp, _Compare, _Alloc>::iterator std::map<_Key, _Tp, _Compare, _Alloc>::insert(std::map<_Key, _Tp, _Compare, _Alloc>::const_iterator, std::map<_Key, _Tp, _Compare, _Alloc>::value_type&&) [with _Key = int; _Tp = std::set<std::__cxx11::basic_string<char> >; _Compare = std::less<int>; _Alloc = std::allocator<std::pair<const int, std::set<std::__cxx11::basic_string<char> > > >; std::map<_Key, _Tp, _Compare, _Alloc>::iterator = std::_Rb_tree_iterator<std::pair<const int, std::set<std::__cxx11::basic_string<char> > > >; std::map<_Key, _Tp, _Compare, _Alloc>::const_iterator = std::_Rb_tree_const_iterator<std::pair<const int, std::set<std::__cxx11::basic_string<char> > > >; std::map<_Key, _Tp, _Compare, _Alloc>::value_type = std::pair<const int, std::set<std::__cxx11::basic_string<char> > >][m[K’
       [01;36m[Kinsert[m[K(const_iterator __position, value_type&& __x)
       [01;36m[K^~~~~~[m[K
[01m[K/usr/include/c++/8/bits/stl_map.h:868:7:[m[K [01;36m[Knote: [m[K  candidate expects 2 arguments, 1 provided
[01m[K/usr/include/c++/8/bits/stl_map.h:873:2:[m[K [01;36m[Knote: [m[Kcandidate: ‘[01m[Ktemplate<class _Pair> std::__enable_if_t<std::is_constructible<std::pair<const _Key, _Tp>, _Pair>::value, typename std::_Rb_tree<_Key, std::pair<const _Key, _Tp>, std::_Select1st<std::pair<const _Key, _Tp> >, _Compare, typename __gnu_cxx::__alloc_traits<_Alloc>::rebind<std::pair<const _Key, _Tp> >::other>::iterator> std::map<_Key, _Tp, _Compare, _Alloc>::insert(std::map<_Key, _Tp, _Compare, _Alloc>::const_iterator, _Pair&&) [with _Pair = _Pair; _Key = int; _Tp = std::set<std::__cxx11::basic_string<char> >; _Compare = std::less<int>; _Alloc = std::allocator<std::pair<const int, std::set<std::__cxx11::basic_string<char> > > >][m[K’
  [01;36m[Kinsert[m[K(const_iterator __position, _Pair&& __x)
  [01;36m[K^~~~~~[m[K
[01m[K/usr/include/c++/8/bits/stl_map.h:873:2:[m[K [01;36m[Knote: [m[K  template argument deduction/substitution failed:
[01m[Knumpaths.cc:28:44:[m[K [01;36m[Knote: [m[K  candidate expects 2 arguments, 1 provided
     map.insert(std::make_pair(fileName,sum)[01;36m[K)[m[K;
                                            [01;36m[K^[m[K
In file included from [01m[K/usr/include/c++/8/map:61[m[K,
                 from [01m[Knumpaths.cc:7[m[K:
[01m[K/usr/include/c++/8/bits/stl_map.h:891:2:[m[K [01;36m[Knote: [m[Kcandidate: ‘[01m[Ktemplate<class _InputIterator> void std::map<_Key, _Tp, _Compare, _Alloc>::insert(_InputIterator, _InputIterator) [with _InputIterator = _InputIterator; _Key = int; _Tp = std::set<std::__cxx11::basic_string<char> >; _Compare = std::less<int>; _Alloc = std::allocator<std::pair<const int, std::set<std::__cxx11::basic_string<char> > > >][m[K’
  [01;36m[Kinsert[m[K(_InputIterator __first, _InputIterator __last)
  [01;36m[K^~~~~~[m[K
[01m[K/usr/include/c++/8/bits/stl_map.h:891:2:[m[K [01;36m[Knote: [m[K  template argument deduction/substitution failed:
[01m[Knumpaths.cc:28:44:[m[K [01;36m[Knote: [m[K  candidate expects 2 arguments, 1 provided
     map.insert(std::make_pair(fileName,sum)[01;36m[K)[m[K;
                                            [01;36m[K^[m[K
[01m[Knumpaths.cc:34:10:[m[K [01;31m[Kerror: [m[Kcould not convert ‘[01m[Kmap[m[K’ from ‘[01m[Kmap<[01;32m[Kint[m[K,[01;32m[Kstd::set<std::__cxx11::basic_string<char> >[m[K>[m[K’ to ‘[01m[Kmap<[01;32m[Kstd::__cxx11::basic_string<char>[m[K,[01;32m[Kint[m[K>[m[K’
   return [01;31m[Kmap[m[K;
          [01;31m[K^~~[m[K
[01m[Knumpaths.cc:[m[K At global scope:
[01m[Knumpaths.cc:38:1:[m[K [01;35m[Kwarning: [m[K‘[01m[Kstd::ostream& operator<<(std::ostream&, const std::set<std::__cxx11::basic_string<char> >&)[m[K’ defined but not used [[01;35m[K-Wunused-function[m[K]
 [01;35m[Koperator[m[K<<(std::ostream& out, const std::set<std::string>& set)
 [01;35m[K^~~~~~~~[m[K
make: *** [<builtin>: numpaths] Error 1
yjun1@g7-35:/import/linux/home1/yjun1/i240b/submit/lab3/exercises/5-numpaths$ make -f ../Makefile 
g++ -g -Wall -std=c++17    numpaths.cc   -o numpaths
[01m[Knumpaths.cc:38:1:[m[K [01;35m[Kwarning: [m[K‘[01m[Kstd::ostream& operator<<(std::ostream&, const std::set<std::__cxx11::basic_string<char> >&)[m[K’ defined but not used [[01;35m[K-Wunused-function[m[K]
 [01;35m[Koperator[m[K<<(std::ostream& out, const std::set<std::string>& set)
 [01;35m[K^~~~~~~~[m[K
cat </dev/null >.gitignore
for t in numpaths; do echo $t >>.gitignore; done
yjun1@g7-35:/import/linux/home1/yjun1/i240b/submit/lab3/exercises/5-numpaths$ make -f ../Makefile [A[C[C[C[C[C[C[C[C[C[C[C[C[C[C[C[C[C[C[C[C[C[C[C[C[C[C[C[C[C[C[C[C[C[C[C[C[C[C[C[C[C[C[C[C[C[C[C[C[C[C[C[C[C[C[C[C[C[C[C[Cged[1Pit numpaths.cc &[A[C[C[C[C[C[C[C[C[C[C[C[C[C[C[C[C[C[C[C[C[C[C[C[C[C[C[C[C[C[C[C[C[C[C[C[C[C[C[C[C[C[C[C[C[C[C[C[C[C[C[C[C[C[C[C[C[C[C[C[C[Ccd [5P5-numpaths/[C[1Pexercises/[A[C[C[C[C[C[C[C[C[C[C[C[C[C[C[C[C[C[C[C[C[C[C[C[C[C[C[C[C[C[C[C[C[C[C[C[C[C[C[C[C[C[C[C[C[C[C[C[C[C[C[C[C[C[C[C[C[C[C[C[C[C[C[C[C[C[C[C./numpaths ../data/*.dat[A[C[C[C[C[C[C[C[C[C[C[C[C[C[C[C[C[C[C[C[C[C[C[C[C[C[C[C[C[C[C[C[C[C[C[C[C[C[C[C[C[C[C[C[C[C[C[C[C[C[C[C[C[C[C[C[Cnum[2P[C[C[C[C[C[C[C[C[C[C[C[C[C[C[C[C[C[C[C[A[C[C[C[C[C[C[C[C[C[C[C[C[C[C[C[C[C[C[C[C[C[C[C[C[C[C[C[C[C[C[C[C[C[C[C[C[C[C[C[C[C[C[C[C[C[C[C[C[C[C[C[C[C[C[C[C[C[Cmak[2Pe -f ../Makefile [A[C[C[C[C[C[C[C[C[C[C[C[C[C[C[C[C[C[C[C[C[C[C[C[C[C[C[C[C[C[C[C[C[C[C[C[C[C[C[C[C[C[C[C[C[C[C[C[C[C[C[C[C[C[C[C[C[C[C[C[Cnumpaths ../data/*.dat[A[C[C[C[C[C[C[C[C[C[C[C[C[C[C[C[C[C[C[C[C[C[C[C[C[C[C[C[C[C[C[C[C[C[C[C[C[C[C[C[C[C[C[C[C[C[C[C[C[C[C[C[C[C[C[C[C[C[C./n[2@um[C[C[C[C[C[C[C[C[C[C[C[C[C[C[C[C[C[C[C
>> 1 1.dat
1.dat: NOT FOUND
>> ../data/1.dat
../data/1.dat: 2096746424
>> ^[[A    ../data/2.dat
../data/2.dat: 2096746524
>> yjun1@g7-35:/import/linux/home1/yjun1/i240b/submit/lab3/exercises/5-numpaths$ ./numpaths ../data/*.dat[A[C[C[C[C[C[C[C[C[C[C[C[C[C[C[C[C[C[C[C[C[C[C[C[C[C[C[C[C[C[C[C[C[C[C[C[C[C[C[C[C[C[C[C[C[C[C[C[C[C[C[C[C[C[C[C[Cmak[4Pe -f ../Makefile [C
g++ -g -Wall -std=c++17    numpaths.cc   -o numpaths
[01m[Knumpaths.cc:38:1:[m[K [01;35m[Kwarning: [m[K‘[01m[Kstd::ostream& operator<<(std::ostream&, const std::set<std::__cxx11::basic_string<char> >&)[m[K’ defined but not used [[01;35m[K-Wunused-function[m[K]
 [01;35m[Koperator[m[K<<(std::ostream& out, const std::set<std::string>& set)
 [01;35m[K^~~~~~~~[m[K
cat </dev/null >.gitignore
for t in numpaths; do echo $t >>.gitignore; done
yjun1@g7-35:/import/linux/home1/yjun1/i240b/submit/lab3/exercises/5-numpaths$ make -f ../Makefile [A[C[C[C[C[C[C[C[C[C[C[C[C[C[C[C[C[C[C[C[C[C[C[C[C[C[C[C[C[C[C[C[C[C[C[C[C[C[C[C[C[C[C[C[C[C[C[C[C[C[C[C[C[C[C[C[C[C[C[C[C./numpaths ../data/*.dat
>> ^[[A^[[A \        ../	 /d	a	 ata/*.dat      /1.da	t
../data/1.dat: 86022386
>> ../data/2,d  .dat
../data/2.dat: 86073964
>> ^C
yjun1@g7-35:/import/linux/home1/yjun1/i240b/submit/lab3/exercises/5-numpaths$ ./numpaths ../data/*.dat[A[C[C[C[C[C[C[C[C[C[C[C[C[C[C[C[C[C[C[C[C[C[C[C[C[C[C[C[C[C[C[C[C[C[C[C[C[C[C[C[C[C[C[C[C[C[C[C[C[C[C[C[C[C[C[C[Cmak[4Pe -f ../Makefile 
g++ -g -Wall -std=c++17    numpaths.cc   -o numpaths
[01m[Knumpaths.cc:38:1:[m[K [01;35m[Kwarning: [m[K‘[01m[Kstd::ostream& operator<<(std::ostream&, const std::set<std::__cxx11::basic_string<char> >&)[m[K’ defined but not used [[01;35m[K-Wunused-function[m[K]
 [01;35m[Koperator[m[K<<(std::ostream& out, const std::set<std::string>& set)
 [01;35m[K^~~~~~~~[m[K
cat </dev/null >.gitignore
for t in numpaths; do echo $t >>.gitignore; done
yjun1@g7-35:/import/linux/home1/yjun1/i240b/submit/lab3/exercises/5-numpaths$ make -f ../Makefile [A[C[C[C[C[C[C[C[C[C[C[C[C[C[C[C[C[C[C[C[C[C[C[C[C[C[C[C[C[C[C[C[C[C[C[C[C[C[C[C[C[C[C[C[C[C[C[C[C[C[C[C[C[C[C[C[C[C[C[C[C./numpaths ../data/*.dat
>> ../data/1.dat
../data/1.dat: 47684
>> ../data/2.dat
../data/2.dat: 51578
>> ^C
yjun1@g7-35:/import/linux/home1/yjun1/i240b/submit/lab3/exercises/5-numpaths$ cd  ..
yjun1@g7-35:/import/linux/home1/yjun1/i240b/submit/lab3/exercises$ cd ..
yjun1@g7-35:/import/linux/home1/yjun1/i240b/submit/lab3$ exit

Script done on 2020-02-13 17:25:17-05:00 [COMMAND_EXIT_CODE="0"]
